19:46:11 **** Build of configuration Debug for project Silla ****
make -r -j3 all 
Building file: /Users/Roberto/mcuxpresso/SDKPackages/SDK_2/devices/MK64F12/mcuxpresso/startup_mk64f12.c
Building file: ../source/ACELEROMETRO.c
Building file: ../source/ADC.c
Invoking: MCU C Compiler
Invoking: MCU C Compiler
Invoking: MCU C Compiler
arm-none-eabi-gcc -DCR_INTEGER_PRINTF -DSDK_DEBUGCONSOLE=0 -D__MCUXPRESSO -D__USE_CMSIS -DDEBUG -DSDK_OS_BAREMETAL -DFSL_RTOS_BM -DCPU_MK64FN1M0VLL12 -DCPU_MK64FN1M0VLL12_cm4 -D__REDLIB__ -I"/Sistemas_Embebidos/Proyecto_Final/Silla/source" -I"/Sistemas_Embebidos/Proyecto_Final/Silla" -I"/Sistemas_Embebidos/Proyecto_Final/Silla/CMSIS" -I/Users/Roberto/mcuxpresso/SDKPackages/SDK_2/CMSIS/Include -I/Users/Roberto/mcuxpresso/SDKPackages/SDK_2/CMSIS -I/Users/Roberto/mcuxpresso/SDKPackages/SDK_2/devices/MK64F12 -I/Users/Roberto/mcuxpresso/SDKPackages/SDK_2/devices -I"/Sistemas_Embebidos/Proyecto_Final/Silla/startup" -O0 -fno-common -g3 -Wall -c -fmessage-length=0 -fno-builtin -ffunction-sections -fdata-sections -mcpu=cortex-m4 -mfpu=fpv4-sp-d16 -mfloat-abi=hard -mthumb -D__REDLIB__ -specs=redlib.specs -MMD -MP -MF"source/ACELEROMETRO.d" -MT"source/ACELEROMETRO.o" -MT"source/ACELEROMETRO.d" -o "source/ACELEROMETRO.o" "../source/ACELEROMETRO.c"
arm-none-eabi-gcc -DCR_INTEGER_PRINTF -DSDK_DEBUGCONSOLE=0 -D__MCUXPRESSO -D__USE_CMSIS -DDEBUG -DSDK_OS_BAREMETAL -DFSL_RTOS_BM -DCPU_MK64FN1M0VLL12 -DCPU_MK64FN1M0VLL12_cm4 -D__REDLIB__ -I"/Sistemas_Embebidos/Proyecto_Final/Silla/source" -I"/Sistemas_Embebidos/Proyecto_Final/Silla" -I"/Sistemas_Embebidos/Proyecto_Final/Silla/CMSIS" -I/Users/Roberto/mcuxpresso/SDKPackages/SDK_2/CMSIS/Include -I/Users/Roberto/mcuxpresso/SDKPackages/SDK_2/CMSIS -I/Users/Roberto/mcuxpresso/SDKPackages/SDK_2/devices/MK64F12 -I/Users/Roberto/mcuxpresso/SDKPackages/SDK_2/devices -I"/Sistemas_Embebidos/Proyecto_Final/Silla/startup" -O0 -fno-common -g3 -Wall -c -fmessage-length=0 -fno-builtin -ffunction-sections -fdata-sections -mcpu=cortex-m4 -mfpu=fpv4-sp-d16 -mfloat-abi=hard -mthumb -D__REDLIB__ -specs=redlib.specs -MMD -MP -MF"source/ADC.d" -MT"source/ADC.o" -MT"source/ADC.d" -o "source/ADC.o" "../source/ADC.c"
arm-none-eabi-gcc -DCR_INTEGER_PRINTF -DSDK_DEBUGCONSOLE=0 -D__MCUXPRESSO -D__USE_CMSIS -DDEBUG -DSDK_OS_BAREMETAL -DFSL_RTOS_BM -DCPU_MK64FN1M0VLL12 -DCPU_MK64FN1M0VLL12_cm4 -D__REDLIB__ -I"/Sistemas_Embebidos/Proyecto_Final/Silla/source" -I"/Sistemas_Embebidos/Proyecto_Final/Silla" -I"/Sistemas_Embebidos/Proyecto_Final/Silla/CMSIS" -I/Users/Roberto/mcuxpresso/SDKPackages/SDK_2/CMSIS/Include -I/Users/Roberto/mcuxpresso/SDKPackages/SDK_2/CMSIS -I/Users/Roberto/mcuxpresso/SDKPackages/SDK_2/devices/MK64F12 -I/Users/Roberto/mcuxpresso/SDKPackages/SDK_2/devices -I"/Sistemas_Embebidos/Proyecto_Final/Silla/startup" -O0 -fno-common -g3 -Wall -c -fmessage-length=0 -fno-builtin -ffunction-sections -fdata-sections -mcpu=cortex-m4 -mfpu=fpv4-sp-d16 -mfloat-abi=hard -mthumb -D__REDLIB__ -specs=redlib.specs -MMD -MP -MF"startup/startup_mk64f12.d" -MT"startup/startup_mk64f12.o" -MT"startup/startup_mk64f12.d" -o "startup/startup_mk64f12.o" "/Users/Roberto/mcuxpresso/SDKPackages/SDK_2/devices/MK64F12/mcuxpresso/startup_mk64f12.c"
../source/ACELEROMETRO.c:9:10: error: expected declaration specifiers or '...' before '*' token
 ADC_init(*ADC_Congif);
          ^
../source/ACELEROMETRO.c: In function 'getVlaue_Y':
../source/ACELEROMETRO.c:13:9: error: 'value_Y' undeclared (first use in this function)
  return value_Y;
         ^
../source/ACELEROMETRO.c:13:9: note: each undeclared identifier is reported only once for each function it appears in
../source/ACELEROMETRO.c:14:1: warning: control reaches end of non-void function [-Wreturn-type]
 }
 ^
../source/ADC.c: In function 'ADC_read':
../source/ADC.c:160:1: warning: control reaches end of non-void function [-Wreturn-type]
 }
 ^
make: *** [source/ACELEROMETRO.o] Error 1
make: *** Waiting for unfinished jobs....
Finished building: /Users/Roberto/mcuxpresso/SDKPackages/SDK_2/devices/MK64F12/mcuxpresso/startup_mk64f12.c
 
Finished building: ../source/ADC.c
 
19:46:24 **** Incremental Build of configuration Debug for project Silla ****
make -r -j3 all 
Building file: ../source/GPIO.c
Building file: ../source/ACELEROMETRO.c
Building file: ../source/GlobalFunctions.c
Invoking: MCU C Compiler
Invoking: MCU C Compiler
arm-none-eabi-gcc -DCR_INTEGER_PRINTF -DSDK_DEBUGCONSOLE=0 -D__MCUXPRESSO -D__USE_CMSIS -DDEBUG -DSDK_OS_BAREMETAL -DFSL_RTOS_BM -DCPU_MK64FN1M0VLL12 -DCPU_MK64FN1M0VLL12_cm4 -D__REDLIB__ -I"/Sistemas_Embebidos/Proyecto_Final/Silla/source" -I"/Sistemas_Embebidos/Proyecto_Final/Silla" -I"/Sistemas_Embebidos/Proyecto_Final/Silla/CMSIS" -I/Users/Roberto/mcuxpresso/SDKPackages/SDK_2/CMSIS/Include -I/Users/Roberto/mcuxpresso/SDKPackages/SDK_2/CMSIS -I/Users/Roberto/mcuxpresso/SDKPackages/SDK_2/devices/MK64F12 -I/Users/Roberto/mcuxpresso/SDKPackages/SDK_2/devices -I"/Sistemas_Embebidos/Proyecto_Final/Silla/startup" -O0 -fno-common -g3 -Wall -c -fmessage-length=0 -fno-builtin -ffunction-sections -fdata-sections -mcpu=cortex-m4 -mfpu=fpv4-sp-d16 -mfloat-abi=hard -mthumb -D__REDLIB__ -specs=redlib.specs -MMD -MP -MF"source/GPIO.d" -MT"source/GPIO.o" -MT"source/GPIO.d" -o "source/GPIO.o" "../source/GPIO.c"
arm-none-eabi-gcc -DCR_INTEGER_PRINTF -DSDK_DEBUGCONSOLE=0 -D__MCUXPRESSO -D__USE_CMSIS -DDEBUG -DSDK_OS_BAREMETAL -DFSL_RTOS_BM -DCPU_MK64FN1M0VLL12 -DCPU_MK64FN1M0VLL12_cm4 -D__REDLIB__ -I"/Sistemas_Embebidos/Proyecto_Final/Silla/source" -I"/Sistemas_Embebidos/Proyecto_Final/Silla" -I"/Sistemas_Embebidos/Proyecto_Final/Silla/CMSIS" -I/Users/Roberto/mcuxpresso/SDKPackages/SDK_2/CMSIS/Include -I/Users/Roberto/mcuxpresso/SDKPackages/SDK_2/CMSIS -I/Users/Roberto/mcuxpresso/SDKPackages/SDK_2/devices/MK64F12 -I/Users/Roberto/mcuxpresso/SDKPackages/SDK_2/devices -I"/Sistemas_Embebidos/Proyecto_Final/Silla/startup" -O0 -fno-common -g3 -Wall -c -fmessage-length=0 -fno-builtin -ffunction-sections -fdata-sections -mcpu=cortex-m4 -mfpu=fpv4-sp-d16 -mfloat-abi=hard -mthumb -D__REDLIB__ -specs=redlib.specs -MMD -MP -MF"source/GlobalFunctions.d" -MT"source/GlobalFunctions.o" -MT"source/GlobalFunctions.d" -o "source/GlobalFunctions.o" "../source/GlobalFunctions.c"
Invoking: MCU C Compiler
arm-none-eabi-gcc -DCR_INTEGER_PRINTF -DSDK_DEBUGCONSOLE=0 -D__MCUXPRESSO -D__USE_CMSIS -DDEBUG -DSDK_OS_BAREMETAL -DFSL_RTOS_BM -DCPU_MK64FN1M0VLL12 -DCPU_MK64FN1M0VLL12_cm4 -D__REDLIB__ -I"/Sistemas_Embebidos/Proyecto_Final/Silla/source" -I"/Sistemas_Embebidos/Proyecto_Final/Silla" -I"/Sistemas_Embebidos/Proyecto_Final/Silla/CMSIS" -I/Users/Roberto/mcuxpresso/SDKPackages/SDK_2/CMSIS/Include -I/Users/Roberto/mcuxpresso/SDKPackages/SDK_2/CMSIS -I/Users/Roberto/mcuxpresso/SDKPackages/SDK_2/devices/MK64F12 -I/Users/Roberto/mcuxpresso/SDKPackages/SDK_2/devices -I"/Sistemas_Embebidos/Proyecto_Final/Silla/startup" -O0 -fno-common -g3 -Wall -c -fmessage-length=0 -fno-builtin -ffunction-sections -fdata-sections -mcpu=cortex-m4 -mfpu=fpv4-sp-d16 -mfloat-abi=hard -mthumb -D__REDLIB__ -specs=redlib.specs -MMD -MP -MF"source/ACELEROMETRO.d" -MT"source/ACELEROMETRO.o" -MT"source/ACELEROMETRO.d" -o "source/ACELEROMETRO.o" "../source/ACELEROMETRO.c"
Finished building: ../source/GlobalFunctions.c
 
Building file: ../source/main.c
Invoking: MCU C Compiler
arm-none-eabi-gcc -DCR_INTEGER_PRINTF -DSDK_DEBUGCONSOLE=0 -D__MCUXPRESSO -D__USE_CMSIS -DDEBUG -DSDK_OS_BAREMETAL -DFSL_RTOS_BM -DCPU_MK64FN1M0VLL12 -DCPU_MK64FN1M0VLL12_cm4 -D__REDLIB__ -I"/Sistemas_Embebidos/Proyecto_Final/Silla/source" -I"/Sistemas_Embebidos/Proyecto_Final/Silla" -I"/Sistemas_Embebidos/Proyecto_Final/Silla/CMSIS" -I/Users/Roberto/mcuxpresso/SDKPackages/SDK_2/CMSIS/Include -I/Users/Roberto/mcuxpresso/SDKPackages/SDK_2/CMSIS -I/Users/Roberto/mcuxpresso/SDKPackages/SDK_2/devices/MK64F12 -I/Users/Roberto/mcuxpresso/SDKPackages/SDK_2/devices -I"/Sistemas_Embebidos/Proyecto_Final/Silla/startup" -O0 -fno-common -g3 -Wall -c -fmessage-length=0 -fno-builtin -ffunction-sections -fdata-sections -mcpu=cortex-m4 -mfpu=fpv4-sp-d16 -mfloat-abi=hard -mthumb -D__REDLIB__ -specs=redlib.specs -MMD -MP -MF"source/main.d" -MT"source/main.o" -MT"source/main.d" -o "source/main.o" "../source/main.c"
../source/ACELEROMETRO.c:9:10: error: expected declaration specifiers or '...' before '&' token
 ADC_init(&ADC_Congif);
          ^
../source/ACELEROMETRO.c: In function 'getVlaue_Y':
../source/ACELEROMETRO.c:13:9: error: 'value_Y' undeclared (first use in this function)
  return value_Y;
         ^
../source/ACELEROMETRO.c:13:9: note: each undeclared identifier is reported only once for each function it appears in
../source/ACELEROMETRO.c:14:1: warning: control reaches end of non-void function [-Wreturn-type]
 }
 ^
make: *** [source/ACELEROMETRO.o] Error 1
make: *** Waiting for unfinished jobs....
Finished building: ../source/main.c
 
Finished building: ../source/GPIO.c
 
19:46:32 **** Incremental Build of configuration Debug for project Silla ****
make -r -j3 all 
Building file: ../source/ACELEROMETRO.c
Building file: /Users/Roberto/mcuxpresso/SDKPackages/SDK_2/devices/MK64F12/system_MK64F12.c
Invoking: MCU C Compiler
Invoking: MCU C Compiler
arm-none-eabi-gcc -DCR_INTEGER_PRINTF -DSDK_DEBUGCONSOLE=0 -D__MCUXPRESSO -D__USE_CMSIS -DDEBUG -DSDK_OS_BAREMETAL -DFSL_RTOS_BM -DCPU_MK64FN1M0VLL12 -DCPU_MK64FN1M0VLL12_cm4 -D__REDLIB__ -I"/Sistemas_Embebidos/Proyecto_Final/Silla/source" -I"/Sistemas_Embebidos/Proyecto_Final/Silla" -I"/Sistemas_Embebidos/Proyecto_Final/Silla/CMSIS" -I/Users/Roberto/mcuxpresso/SDKPackages/SDK_2/CMSIS/Include -I/Users/Roberto/mcuxpresso/SDKPackages/SDK_2/CMSIS -I/Users/Roberto/mcuxpresso/SDKPackages/SDK_2/devices/MK64F12 -I/Users/Roberto/mcuxpresso/SDKPackages/SDK_2/devices -I"/Sistemas_Embebidos/Proyecto_Final/Silla/startup" -O0 -fno-common -g3 -Wall -c -fmessage-length=0 -fno-builtin -ffunction-sections -fdata-sections -mcpu=cortex-m4 -mfpu=fpv4-sp-d16 -mfloat-abi=hard -mthumb -D__REDLIB__ -specs=redlib.specs -MMD -MP -MF"CMSIS/system_MK64F12.d" -MT"CMSIS/system_MK64F12.o" -MT"CMSIS/system_MK64F12.d" -o "CMSIS/system_MK64F12.o" "/Users/Roberto/mcuxpresso/SDKPackages/SDK_2/devices/MK64F12/system_MK64F12.c"
arm-none-eabi-gcc -DCR_INTEGER_PRINTF -DSDK_DEBUGCONSOLE=0 -D__MCUXPRESSO -D__USE_CMSIS -DDEBUG -DSDK_OS_BAREMETAL -DFSL_RTOS_BM -DCPU_MK64FN1M0VLL12 -DCPU_MK64FN1M0VLL12_cm4 -D__REDLIB__ -I"/Sistemas_Embebidos/Proyecto_Final/Silla/source" -I"/Sistemas_Embebidos/Proyecto_Final/Silla" -I"/Sistemas_Embebidos/Proyecto_Final/Silla/CMSIS" -I/Users/Roberto/mcuxpresso/SDKPackages/SDK_2/CMSIS/Include -I/Users/Roberto/mcuxpresso/SDKPackages/SDK_2/CMSIS -I/Users/Roberto/mcuxpresso/SDKPackages/SDK_2/devices/MK64F12 -I/Users/Roberto/mcuxpresso/SDKPackages/SDK_2/devices -I"/Sistemas_Embebidos/Proyecto_Final/Silla/startup" -O0 -fno-common -g3 -Wall -c -fmessage-length=0 -fno-builtin -ffunction-sections -fdata-sections -mcpu=cortex-m4 -mfpu=fpv4-sp-d16 -mfloat-abi=hard -mthumb -D__REDLIB__ -specs=redlib.specs -MMD -MP -MF"source/ACELEROMETRO.d" -MT"source/ACELEROMETRO.o" -MT"source/ACELEROMETRO.d" -o "source/ACELEROMETRO.o" "../source/ACELEROMETRO.c"
../source/ACELEROMETRO.c:9:1: warning: data definition has no type or storage class
 ADC_init(ADC_Congif);
 ^
../source/ACELEROMETRO.c:9:1: warning: type defaults to 'int' in declaration of 'ADC_init' [-Wimplicit-int]
../source/ACELEROMETRO.c:9:1: warning: parameter names (without types) in function declaration
../source/ACELEROMETRO.c:9:1: error: conflicting types for 'ADC_init'
In file included from ../source/ACELEROMETRO.c:7:0:
../source/ADC.h:90:6: note: previous declaration of 'ADC_init' was here
 void ADC_init(const ADC_ConfigType* ADCconfig);
      ^
../source/ACELEROMETRO.c: In function 'getVlaue_Y':
../source/ACELEROMETRO.c:13:9: error: 'value_Y' undeclared (first use in this function)
  return value_Y;
         ^
../source/ACELEROMETRO.c:13:9: note: each undeclared identifier is reported only once for each function it appears in
../source/ACELEROMETRO.c:14:1: warning: control reaches end of non-void function [-Wreturn-type]
 }
 ^
make: *** [source/ACELEROMETRO.o] Error 1
make: *** Waiting for unfinished jobs....
Finished building: /Users/Roberto/mcuxpresso/SDKPackages/SDK_2/devices/MK64F12/system_MK64F12.c
 
20:01:40 **** Incremental Build of configuration Debug for project Silla ****
make -r -j3 all 
Building file: ../source/ACELEROMETRO.c
Invoking: MCU C Compiler
arm-none-eabi-gcc -DCR_INTEGER_PRINTF -DSDK_DEBUGCONSOLE=0 -D__MCUXPRESSO -D__USE_CMSIS -DDEBUG -DSDK_OS_BAREMETAL -DFSL_RTOS_BM -DCPU_MK64FN1M0VLL12 -DCPU_MK64FN1M0VLL12_cm4 -D__REDLIB__ -I"/Sistemas_Embebidos/Proyecto_Final/Silla/source" -I"/Sistemas_Embebidos/Proyecto_Final/Silla" -I"/Sistemas_Embebidos/Proyecto_Final/Silla/CMSIS" -I/Users/Roberto/mcuxpresso/SDKPackages/SDK_2/CMSIS/Include -I/Users/Roberto/mcuxpresso/SDKPackages/SDK_2/CMSIS -I/Users/Roberto/mcuxpresso/SDKPackages/SDK_2/devices/MK64F12 -I/Users/Roberto/mcuxpresso/SDKPackages/SDK_2/devices -I"/Sistemas_Embebidos/Proyecto_Final/Silla/startup" -O0 -fno-common -g3 -Wall -c -fmessage-length=0 -fno-builtin -ffunction-sections -fdata-sections -mcpu=cortex-m4 -mfpu=fpv4-sp-d16 -mfloat-abi=hard -mthumb -D__REDLIB__ -specs=redlib.specs -MMD -MP -MF"source/ACELEROMETRO.d" -MT"source/ACELEROMETRO.o" -MT"source/ACELEROMETRO.d" -o "source/ACELEROMETRO.o" "../source/ACELEROMETRO.c"
../source/ACELEROMETRO.c:9:10: error: unknown type name 'ADC_Congif'
 ADC_init(ADC_Congif*);
          ^
../source/ACELEROMETRO.c: In function 'getVlaue_Y':
../source/ACELEROMETRO.c:13:9: error: 'value_Y' undeclared (first use in this function)
  return value_Y;
         ^
../source/ACELEROMETRO.c:13:9: note: each undeclared identifier is reported only once for each function it appears in
../source/ACELEROMETRO.c:14:1: warning: control reaches end of non-void function [-Wreturn-type]
 }
 ^
make: *** [source/ACELEROMETRO.o] Error 1
20:30:12 **** Incremental Build of configuration Debug for project Silla ****
make -r -j3 all 
Building file: ../source/ACELEROMETRO.c
Invoking: MCU C Compiler
arm-none-eabi-gcc -DCR_INTEGER_PRINTF -DSDK_DEBUGCONSOLE=0 -D__MCUXPRESSO -D__USE_CMSIS -DDEBUG -DSDK_OS_BAREMETAL -DFSL_RTOS_BM -DCPU_MK64FN1M0VLL12 -DCPU_MK64FN1M0VLL12_cm4 -D__REDLIB__ -I"/Sistemas_Embebidos/Proyecto_Final/Silla/source" -I"/Sistemas_Embebidos/Proyecto_Final/Silla" -I"/Sistemas_Embebidos/Proyecto_Final/Silla/CMSIS" -I/Users/Roberto/mcuxpresso/SDKPackages/SDK_2/CMSIS/Include -I/Users/Roberto/mcuxpresso/SDKPackages/SDK_2/CMSIS -I/Users/Roberto/mcuxpresso/SDKPackages/SDK_2/devices/MK64F12 -I/Users/Roberto/mcuxpresso/SDKPackages/SDK_2/devices -I"/Sistemas_Embebidos/Proyecto_Final/Silla/startup" -O0 -fno-common -g3 -Wall -c -fmessage-length=0 -fno-builtin -ffunction-sections -fdata-sections -mcpu=cortex-m4 -mfpu=fpv4-sp-d16 -mfloat-abi=hard -mthumb -D__REDLIB__ -specs=redlib.specs -MMD -MP -MF"source/ACELEROMETRO.d" -MT"source/ACELEROMETRO.o" -MT"source/ACELEROMETRO.d" -o "source/ACELEROMETRO.o" "../source/ACELEROMETRO.c"
../source/ACELEROMETRO.c:9:10: error: expected declaration specifiers or '...' before '&' token
 ADC_init(&ADC_Congif*);
          ^
../source/ACELEROMETRO.c: In function 'getVlaue_Y':
../source/ACELEROMETRO.c:13:9: error: 'value_Y' undeclared (first use in this function)
  return value_Y;
         ^
../source/ACELEROMETRO.c:13:9: note: each undeclared identifier is reported only once for each function it appears in
../source/ACELEROMETRO.c:14:1: warning: control reaches end of non-void function [-Wreturn-type]
 }
 ^
make: *** [source/ACELEROMETRO.o] Error 1
20:30:34 **** Incremental Build of configuration Debug for project Silla ****
make -r -j3 all 
Building file: ../source/ACELEROMETRO.c
Invoking: MCU C Compiler
arm-none-eabi-gcc -DCR_INTEGER_PRINTF -DSDK_DEBUGCONSOLE=0 -D__MCUXPRESSO -D__USE_CMSIS -DDEBUG -DSDK_OS_BAREMETAL -DFSL_RTOS_BM -DCPU_MK64FN1M0VLL12 -DCPU_MK64FN1M0VLL12_cm4 -D__REDLIB__ -I"/Sistemas_Embebidos/Proyecto_Final/Silla/source" -I"/Sistemas_Embebidos/Proyecto_Final/Silla" -I"/Sistemas_Embebidos/Proyecto_Final/Silla/CMSIS" -I/Users/Roberto/mcuxpresso/SDKPackages/SDK_2/CMSIS/Include -I/Users/Roberto/mcuxpresso/SDKPackages/SDK_2/CMSIS -I/Users/Roberto/mcuxpresso/SDKPackages/SDK_2/devices/MK64F12 -I/Users/Roberto/mcuxpresso/SDKPackages/SDK_2/devices -I"/Sistemas_Embebidos/Proyecto_Final/Silla/startup" -O0 -fno-common -g3 -Wall -c -fmessage-length=0 -fno-builtin -ffunction-sections -fdata-sections -mcpu=cortex-m4 -mfpu=fpv4-sp-d16 -mfloat-abi=hard -mthumb -D__REDLIB__ -specs=redlib.specs -MMD -MP -MF"source/ACELEROMETRO.d" -MT"source/ACELEROMETRO.o" -MT"source/ACELEROMETRO.d" -o "source/ACELEROMETRO.o" "../source/ACELEROMETRO.c"
../source/ACELEROMETRO.c:10:10: error: expected declaration specifiers or '...' before '&' token
 ADC_init(&ADC_Congif*);
          ^
../source/ACELEROMETRO.c: In function 'getVlaue_Y':
../source/ACELEROMETRO.c:14:9: error: 'value_Y' undeclared (first use in this function)
  return value_Y;
         ^
../source/ACELEROMETRO.c:14:9: note: each undeclared identifier is reported only once for each function it appears in
../source/ACELEROMETRO.c:15:1: warning: control reaches end of non-void function [-Wreturn-type]
 }
 ^
make: *** [source/ACELEROMETRO.o] Error 1
20:30:53 **** Incremental Build of configuration Debug for project Silla ****
make -r -j3 all 
Building file: ../source/ACELEROMETRO.c
Invoking: MCU C Compiler
arm-none-eabi-gcc -DCR_INTEGER_PRINTF -DSDK_DEBUGCONSOLE=0 -D__MCUXPRESSO -D__USE_CMSIS -DDEBUG -DSDK_OS_BAREMETAL -DFSL_RTOS_BM -DCPU_MK64FN1M0VLL12 -DCPU_MK64FN1M0VLL12_cm4 -D__REDLIB__ -I"/Sistemas_Embebidos/Proyecto_Final/Silla/source" -I"/Sistemas_Embebidos/Proyecto_Final/Silla" -I"/Sistemas_Embebidos/Proyecto_Final/Silla/CMSIS" -I/Users/Roberto/mcuxpresso/SDKPackages/SDK_2/CMSIS/Include -I/Users/Roberto/mcuxpresso/SDKPackages/SDK_2/CMSIS -I/Users/Roberto/mcuxpresso/SDKPackages/SDK_2/devices/MK64F12 -I/Users/Roberto/mcuxpresso/SDKPackages/SDK_2/devices -I"/Sistemas_Embebidos/Proyecto_Final/Silla/startup" -O0 -fno-common -g3 -Wall -c -fmessage-length=0 -fno-builtin -ffunction-sections -fdata-sections -mcpu=cortex-m4 -mfpu=fpv4-sp-d16 -mfloat-abi=hard -mthumb -D__REDLIB__ -specs=redlib.specs -MMD -MP -MF"source/ACELEROMETRO.d" -MT"source/ACELEROMETRO.o" -MT"source/ACELEROMETRO.d" -o "source/ACELEROMETRO.o" "../source/ACELEROMETRO.c"
../source/ACELEROMETRO.c:10:10: error: expected declaration specifiers or '...' before '&' token
 ADC_init(&ADC_Congif);
          ^
../source/ACELEROMETRO.c: In function 'getVlaue_Y':
../source/ACELEROMETRO.c:14:9: error: 'value_Y' undeclared (first use in this function)
  return value_Y;
         ^
../source/ACELEROMETRO.c:14:9: note: each undeclared identifier is reported only once for each function it appears in
../source/ACELEROMETRO.c:15:1: warning: control reaches end of non-void function [-Wreturn-type]
 }
 ^
make: *** [source/ACELEROMETRO.o] Error 1
20:35:30 **** Incremental Build of configuration Debug for project Silla ****
make -r -j3 all 
Building file: ../source/ADC.c
Building file: ../source/ACELEROMETRO.c
Invoking: MCU C Compiler
Invoking: MCU C Compiler
arm-none-eabi-gcc -DCR_INTEGER_PRINTF -DSDK_DEBUGCONSOLE=0 -D__MCUXPRESSO -D__USE_CMSIS -DDEBUG -DSDK_OS_BAREMETAL -DFSL_RTOS_BM -DCPU_MK64FN1M0VLL12 -DCPU_MK64FN1M0VLL12_cm4 -D__REDLIB__ -I"/Sistemas_Embebidos/Proyecto_Final/Silla/source" -I"/Sistemas_Embebidos/Proyecto_Final/Silla" -I"/Sistemas_Embebidos/Proyecto_Final/Silla/CMSIS" -I/Users/Roberto/mcuxpresso/SDKPackages/SDK_2/CMSIS/Include -I/Users/Roberto/mcuxpresso/SDKPackages/SDK_2/CMSIS -I/Users/Roberto/mcuxpresso/SDKPackages/SDK_2/devices/MK64F12 -I/Users/Roberto/mcuxpresso/SDKPackages/SDK_2/devices -I"/Sistemas_Embebidos/Proyecto_Final/Silla/startup" -O0 -fno-common -g3 -Wall -c -fmessage-length=0 -fno-builtin -ffunction-sections -fdata-sections -mcpu=cortex-m4 -mfpu=fpv4-sp-d16 -mfloat-abi=hard -mthumb -D__REDLIB__ -specs=redlib.specs -MMD -MP -MF"source/ACELEROMETRO.d" -MT"source/ACELEROMETRO.o" -MT"source/ACELEROMETRO.d" -o "source/ACELEROMETRO.o" "../source/ACELEROMETRO.c"
arm-none-eabi-gcc -DCR_INTEGER_PRINTF -DSDK_DEBUGCONSOLE=0 -D__MCUXPRESSO -D__USE_CMSIS -DDEBUG -DSDK_OS_BAREMETAL -DFSL_RTOS_BM -DCPU_MK64FN1M0VLL12 -DCPU_MK64FN1M0VLL12_cm4 -D__REDLIB__ -I"/Sistemas_Embebidos/Proyecto_Final/Silla/source" -I"/Sistemas_Embebidos/Proyecto_Final/Silla" -I"/Sistemas_Embebidos/Proyecto_Final/Silla/CMSIS" -I/Users/Roberto/mcuxpresso/SDKPackages/SDK_2/CMSIS/Include -I/Users/Roberto/mcuxpresso/SDKPackages/SDK_2/CMSIS -I/Users/Roberto/mcuxpresso/SDKPackages/SDK_2/devices/MK64F12 -I/Users/Roberto/mcuxpresso/SDKPackages/SDK_2/devices -I"/Sistemas_Embebidos/Proyecto_Final/Silla/startup" -O0 -fno-common -g3 -Wall -c -fmessage-length=0 -fno-builtin -ffunction-sections -fdata-sections -mcpu=cortex-m4 -mfpu=fpv4-sp-d16 -mfloat-abi=hard -mthumb -D__REDLIB__ -specs=redlib.specs -MMD -MP -MF"source/ADC.d" -MT"source/ADC.o" -MT"source/ADC.d" -o "source/ADC.o" "../source/ADC.c"
../source/ACELEROMETRO.c:10:10: error: expected declaration specifiers or '...' before '&' token
 ADC_init(&ADC_Congif);
          ^
../source/ACELEROMETRO.c: In function 'getVlaue_Y':
../source/ACELEROMETRO.c:14:9: error: 'value_Y' undeclared (first use in this function)
  return value_Y;
         ^
../source/ACELEROMETRO.c:14:9: note: each undeclared identifier is reported only once for each function it appears in
../source/ACELEROMETRO.c:15:1: warning: control reaches end of non-void function [-Wreturn-type]
 }
 ^
make: *** [source/ACELEROMETRO.o] Error 1
make: *** Waiting for unfinished jobs....
../source/ADC.c: In function 'ADC_read':
../source/ADC.c:160:1: warning: control reaches end of non-void function [-Wreturn-type]
 }
 ^
Finished building: ../source/ADC.c
 
20:36:24 **** Incremental Build of configuration Debug for project Silla ****
make -r -j3 all 
Building file: ../source/ADC.c
Building file: ../source/ACELEROMETRO.c
Invoking: MCU C Compiler
Invoking: MCU C Compiler
arm-none-eabi-gcc -DCR_INTEGER_PRINTF -DSDK_DEBUGCONSOLE=0 -D__MCUXPRESSO -D__USE_CMSIS -DDEBUG -DSDK_OS_BAREMETAL -DFSL_RTOS_BM -DCPU_MK64FN1M0VLL12 -DCPU_MK64FN1M0VLL12_cm4 -D__REDLIB__ -I"/Sistemas_Embebidos/Proyecto_Final/Silla/source" -I"/Sistemas_Embebidos/Proyecto_Final/Silla" -I"/Sistemas_Embebidos/Proyecto_Final/Silla/CMSIS" -I/Users/Roberto/mcuxpresso/SDKPackages/SDK_2/CMSIS/Include -I/Users/Roberto/mcuxpresso/SDKPackages/SDK_2/CMSIS -I/Users/Roberto/mcuxpresso/SDKPackages/SDK_2/devices/MK64F12 -I/Users/Roberto/mcuxpresso/SDKPackages/SDK_2/devices -I"/Sistemas_Embebidos/Proyecto_Final/Silla/startup" -O0 -fno-common -g3 -Wall -c -fmessage-length=0 -fno-builtin -ffunction-sections -fdata-sections -mcpu=cortex-m4 -mfpu=fpv4-sp-d16 -mfloat-abi=hard -mthumb -D__REDLIB__ -specs=redlib.specs -MMD -MP -MF"source/ACELEROMETRO.d" -MT"source/ACELEROMETRO.o" -MT"source/ACELEROMETRO.d" -o "source/ACELEROMETRO.o" "../source/ACELEROMETRO.c"
arm-none-eabi-gcc -DCR_INTEGER_PRINTF -DSDK_DEBUGCONSOLE=0 -D__MCUXPRESSO -D__USE_CMSIS -DDEBUG -DSDK_OS_BAREMETAL -DFSL_RTOS_BM -DCPU_MK64FN1M0VLL12 -DCPU_MK64FN1M0VLL12_cm4 -D__REDLIB__ -I"/Sistemas_Embebidos/Proyecto_Final/Silla/source" -I"/Sistemas_Embebidos/Proyecto_Final/Silla" -I"/Sistemas_Embebidos/Proyecto_Final/Silla/CMSIS" -I/Users/Roberto/mcuxpresso/SDKPackages/SDK_2/CMSIS/Include -I/Users/Roberto/mcuxpresso/SDKPackages/SDK_2/CMSIS -I/Users/Roberto/mcuxpresso/SDKPackages/SDK_2/devices/MK64F12 -I/Users/Roberto/mcuxpresso/SDKPackages/SDK_2/devices -I"/Sistemas_Embebidos/Proyecto_Final/Silla/startup" -O0 -fno-common -g3 -Wall -c -fmessage-length=0 -fno-builtin -ffunction-sections -fdata-sections -mcpu=cortex-m4 -mfpu=fpv4-sp-d16 -mfloat-abi=hard -mthumb -D__REDLIB__ -specs=redlib.specs -MMD -MP -MF"source/ADC.d" -MT"source/ADC.o" -MT"source/ADC.d" -o "source/ADC.o" "../source/ADC.c"
../source/ACELEROMETRO.c:10:10: error: expected declaration specifiers or '...' before '&' token
 ADC_init(&ADC_Congif);
          ^
../source/ACELEROMETRO.c: In function 'getVlaue_Y':
../source/ACELEROMETRO.c:14:9: error: 'value_Y' undeclared (first use in this function)
  return value_Y;
         ^
../source/ACELEROMETRO.c:14:9: note: each undeclared identifier is reported only once for each function it appears in
../source/ACELEROMETRO.c:15:1: warning: control reaches end of non-void function [-Wreturn-type]
 }
 ^
make: *** [source/ACELEROMETRO.o] Error 1
make: *** Waiting for unfinished jobs....
../source/ADC.c: In function 'ADC_read':
../source/ADC.c:161:1: warning: control reaches end of non-void function [-Wreturn-type]
 }
 ^
Finished building: ../source/ADC.c
 
20:37:01 **** Incremental Build of configuration Debug for project Silla ****
make -r -j3 all 
Building file: ../source/ACELEROMETRO.c
Building file: ../source/ADC.c
Invoking: MCU C Compiler
arm-none-eabi-gcc -DCR_INTEGER_PRINTF -DSDK_DEBUGCONSOLE=0 -D__MCUXPRESSO -D__USE_CMSIS -DDEBUG -DSDK_OS_BAREMETAL -DFSL_RTOS_BM -DCPU_MK64FN1M0VLL12 -DCPU_MK64FN1M0VLL12_cm4 -D__REDLIB__ -I"/Sistemas_Embebidos/Proyecto_Final/Silla/source" -I"/Sistemas_Embebidos/Proyecto_Final/Silla" -I"/Sistemas_Embebidos/Proyecto_Final/Silla/CMSIS" -I/Users/Roberto/mcuxpresso/SDKPackages/SDK_2/CMSIS/Include -I/Users/Roberto/mcuxpresso/SDKPackages/SDK_2/CMSIS -I/Users/Roberto/mcuxpresso/SDKPackages/SDK_2/devices/MK64F12 -I/Users/Roberto/mcuxpresso/SDKPackages/SDK_2/devices -I"/Sistemas_Embebidos/Proyecto_Final/Silla/startup" -O0 -fno-common -g3 -Wall -c -fmessage-length=0 -fno-builtin -ffunction-sections -fdata-sections -mcpu=cortex-m4 -mfpu=fpv4-sp-d16 -mfloat-abi=hard -mthumb -D__REDLIB__ -specs=redlib.specs -MMD -MP -MF"source/ACELEROMETRO.d" -MT"source/ACELEROMETRO.o" -MT"source/ACELEROMETRO.d" -o "source/ACELEROMETRO.o" "../source/ACELEROMETRO.c"
Invoking: MCU C Compiler
arm-none-eabi-gcc -DCR_INTEGER_PRINTF -DSDK_DEBUGCONSOLE=0 -D__MCUXPRESSO -D__USE_CMSIS -DDEBUG -DSDK_OS_BAREMETAL -DFSL_RTOS_BM -DCPU_MK64FN1M0VLL12 -DCPU_MK64FN1M0VLL12_cm4 -D__REDLIB__ -I"/Sistemas_Embebidos/Proyecto_Final/Silla/source" -I"/Sistemas_Embebidos/Proyecto_Final/Silla" -I"/Sistemas_Embebidos/Proyecto_Final/Silla/CMSIS" -I/Users/Roberto/mcuxpresso/SDKPackages/SDK_2/CMSIS/Include -I/Users/Roberto/mcuxpresso/SDKPackages/SDK_2/CMSIS -I/Users/Roberto/mcuxpresso/SDKPackages/SDK_2/devices/MK64F12 -I/Users/Roberto/mcuxpresso/SDKPackages/SDK_2/devices -I"/Sistemas_Embebidos/Proyecto_Final/Silla/startup" -O0 -fno-common -g3 -Wall -c -fmessage-length=0 -fno-builtin -ffunction-sections -fdata-sections -mcpu=cortex-m4 -mfpu=fpv4-sp-d16 -mfloat-abi=hard -mthumb -D__REDLIB__ -specs=redlib.specs -MMD -MP -MF"source/ADC.d" -MT"source/ADC.o" -MT"source/ADC.d" -o "source/ADC.o" "../source/ADC.c"
../source/ADC.c: In function 'ADC_read':
../source/ADC.c:161:1: warning: control reaches end of non-void function [-Wreturn-type]
 }
 ^
../source/ACELEROMETRO.c:20:10: error: expected declaration specifiers or '...' before '&' token
 ADC_init(&ADC_Congif);
          ^
../source/ACELEROMETRO.c: In function 'getVlaue_Y':
../source/ACELEROMETRO.c:24:9: error: 'value_Y' undeclared (first use in this function)
  return value_Y;
         ^
../source/ACELEROMETRO.c:24:9: note: each undeclared identifier is reported only once for each function it appears in
../source/ACELEROMETRO.c:25:1: warning: control reaches end of non-void function [-Wreturn-type]
 }
 ^
make: *** [source/ACELEROMETRO.o] Error 1
make: *** Waiting for unfinished jobs....
Finished building: ../source/ADC.c
 
20:37:46 **** Incremental Build of configuration Debug for project Silla ****
make -r -j3 all 
Building file: ../source/ACELEROMETRO.c
Invoking: MCU C Compiler
arm-none-eabi-gcc -DCR_INTEGER_PRINTF -DSDK_DEBUGCONSOLE=0 -D__MCUXPRESSO -D__USE_CMSIS -DDEBUG -DSDK_OS_BAREMETAL -DFSL_RTOS_BM -DCPU_MK64FN1M0VLL12 -DCPU_MK64FN1M0VLL12_cm4 -D__REDLIB__ -I"/Sistemas_Embebidos/Proyecto_Final/Silla/source" -I"/Sistemas_Embebidos/Proyecto_Final/Silla" -I"/Sistemas_Embebidos/Proyecto_Final/Silla/CMSIS" -I/Users/Roberto/mcuxpresso/SDKPackages/SDK_2/CMSIS/Include -I/Users/Roberto/mcuxpresso/SDKPackages/SDK_2/CMSIS -I/Users/Roberto/mcuxpresso/SDKPackages/SDK_2/devices/MK64F12 -I/Users/Roberto/mcuxpresso/SDKPackages/SDK_2/devices -I"/Sistemas_Embebidos/Proyecto_Final/Silla/startup" -O0 -fno-common -g3 -Wall -c -fmessage-length=0 -fno-builtin -ffunction-sections -fdata-sections -mcpu=cortex-m4 -mfpu=fpv4-sp-d16 -mfloat-abi=hard -mthumb -D__REDLIB__ -specs=redlib.specs -MMD -MP -MF"source/ACELEROMETRO.d" -MT"source/ACELEROMETRO.o" -MT"source/ACELEROMETRO.d" -o "source/ACELEROMETRO.o" "../source/ACELEROMETRO.c"
../source/ACELEROMETRO.c:20:10: error: expected declaration specifiers or '...' before '&' token
 ADC_init(&ADC_Congif);
          ^
make: *** [source/ACELEROMETRO.o] Error 1
23:16:00 **** Incremental Build of configuration Debug for project Silla ****
make -r -j3 all 
Building file: ../source/ACELEROMETRO.c
Building file: ../source/ADC.c
Invoking: MCU C Compiler
arm-none-eabi-gcc -DCR_INTEGER_PRINTF -DSDK_DEBUGCONSOLE=0 -D__MCUXPRESSO -D__USE_CMSIS -DDEBUG -DSDK_OS_BAREMETAL -DFSL_RTOS_BM -DCPU_MK64FN1M0VLL12 -DCPU_MK64FN1M0VLL12_cm4 -D__REDLIB__ -I"/Sistemas_Embebidos/Proyecto_Final/Silla/source" -I"/Sistemas_Embebidos/Proyecto_Final/Silla" -I"/Sistemas_Embebidos/Proyecto_Final/Silla/CMSIS" -I/Users/Roberto/mcuxpresso/SDKPackages/SDK_2/CMSIS/Include -I/Users/Roberto/mcuxpresso/SDKPackages/SDK_2/CMSIS -I/Users/Roberto/mcuxpresso/SDKPackages/SDK_2/devices/MK64F12 -I/Users/Roberto/mcuxpresso/SDKPackages/SDK_2/devices -I"/Sistemas_Embebidos/Proyecto_Final/Silla/startup" -O0 -fno-common -g3 -Wall -c -fmessage-length=0 -fno-builtin -ffunction-sections -fdata-sections -mcpu=cortex-m4 -mfpu=fpv4-sp-d16 -mfloat-abi=hard -mthumb -D__REDLIB__ -specs=redlib.specs -MMD -MP -MF"source/ACELEROMETRO.d" -MT"source/ACELEROMETRO.o" -MT"source/ACELEROMETRO.d" -o "source/ACELEROMETRO.o" "../source/ACELEROMETRO.c"
Invoking: MCU C Compiler
arm-none-eabi-gcc -DCR_INTEGER_PRINTF -DSDK_DEBUGCONSOLE=0 -D__MCUXPRESSO -D__USE_CMSIS -DDEBUG -DSDK_OS_BAREMETAL -DFSL_RTOS_BM -DCPU_MK64FN1M0VLL12 -DCPU_MK64FN1M0VLL12_cm4 -D__REDLIB__ -I"/Sistemas_Embebidos/Proyecto_Final/Silla/source" -I"/Sistemas_Embebidos/Proyecto_Final/Silla" -I"/Sistemas_Embebidos/Proyecto_Final/Silla/CMSIS" -I/Users/Roberto/mcuxpresso/SDKPackages/SDK_2/CMSIS/Include -I/Users/Roberto/mcuxpresso/SDKPackages/SDK_2/CMSIS -I/Users/Roberto/mcuxpresso/SDKPackages/SDK_2/devices/MK64F12 -I/Users/Roberto/mcuxpresso/SDKPackages/SDK_2/devices -I"/Sistemas_Embebidos/Proyecto_Final/Silla/startup" -O0 -fno-common -g3 -Wall -c -fmessage-length=0 -fno-builtin -ffunction-sections -fdata-sections -mcpu=cortex-m4 -mfpu=fpv4-sp-d16 -mfloat-abi=hard -mthumb -D__REDLIB__ -specs=redlib.specs -MMD -MP -MF"source/ADC.d" -MT"source/ADC.o" -MT"source/ADC.d" -o "source/ADC.o" "../source/ADC.c"
../source/ACELEROMETRO.c: In function 'acelerometroInit':
../source/ACELEROMETRO.c:11:11: error: 'ADC_Congif' undeclared (first use in this function)
 ADC_init(&ADC_Congif);
           ^
../source/ACELEROMETRO.c:11:11: note: each undeclared identifier is reported only once for each function it appears in
../source/ACELEROMETRO.c: In function 'getVlaue_Y':
../source/ACELEROMETRO.c:15:9: error: 'value_Y' undeclared (first use in this function)
  return value_Y;
         ^
../source/ACELEROMETRO.c:16:1: warning: control reaches end of non-void function [-Wreturn-type]
 }
 ^
../source/ADC.c: In function 'ADC_read':
../source/ADC.c:161:1: warning: control reaches end of non-void function [-Wreturn-type]
 }
 ^
make: *** [source/ACELEROMETRO.o] Error 1
make: *** Waiting for unfinished jobs....
Finished building: ../source/ADC.c
 
23:17:02 **** Incremental Build of configuration Debug for project Silla ****
make -r -j3 all 
Building file: ../source/ADC.c
Building file: ../source/ACELEROMETRO.c
Invoking: MCU C Compiler
Invoking: MCU C Compiler
arm-none-eabi-gcc -DCR_INTEGER_PRINTF -DSDK_DEBUGCONSOLE=0 -D__MCUXPRESSO -D__USE_CMSIS -DDEBUG -DSDK_OS_BAREMETAL -DFSL_RTOS_BM -DCPU_MK64FN1M0VLL12 -DCPU_MK64FN1M0VLL12_cm4 -D__REDLIB__ -I"/Sistemas_Embebidos/Proyecto_Final/Silla/source" -I"/Sistemas_Embebidos/Proyecto_Final/Silla" -I"/Sistemas_Embebidos/Proyecto_Final/Silla/CMSIS" -I/Users/Roberto/mcuxpresso/SDKPackages/SDK_2/CMSIS/Include -I/Users/Roberto/mcuxpresso/SDKPackages/SDK_2/CMSIS -I/Users/Roberto/mcuxpresso/SDKPackages/SDK_2/devices/MK64F12 -I/Users/Roberto/mcuxpresso/SDKPackages/SDK_2/devices -I"/Sistemas_Embebidos/Proyecto_Final/Silla/startup" -O0 -fno-common -g3 -Wall -c -fmessage-length=0 -fno-builtin -ffunction-sections -fdata-sections -mcpu=cortex-m4 -mfpu=fpv4-sp-d16 -mfloat-abi=hard -mthumb -D__REDLIB__ -specs=redlib.specs -MMD -MP -MF"source/ACELEROMETRO.d" -MT"source/ACELEROMETRO.o" -MT"source/ACELEROMETRO.d" -o "source/ACELEROMETRO.o" "../source/ACELEROMETRO.c"
arm-none-eabi-gcc -DCR_INTEGER_PRINTF -DSDK_DEBUGCONSOLE=0 -D__MCUXPRESSO -D__USE_CMSIS -DDEBUG -DSDK_OS_BAREMETAL -DFSL_RTOS_BM -DCPU_MK64FN1M0VLL12 -DCPU_MK64FN1M0VLL12_cm4 -D__REDLIB__ -I"/Sistemas_Embebidos/Proyecto_Final/Silla/source" -I"/Sistemas_Embebidos/Proyecto_Final/Silla" -I"/Sistemas_Embebidos/Proyecto_Final/Silla/CMSIS" -I/Users/Roberto/mcuxpresso/SDKPackages/SDK_2/CMSIS/Include -I/Users/Roberto/mcuxpresso/SDKPackages/SDK_2/CMSIS -I/Users/Roberto/mcuxpresso/SDKPackages/SDK_2/devices/MK64F12 -I/Users/Roberto/mcuxpresso/SDKPackages/SDK_2/devices -I"/Sistemas_Embebidos/Proyecto_Final/Silla/startup" -O0 -fno-common -g3 -Wall -c -fmessage-length=0 -fno-builtin -ffunction-sections -fdata-sections -mcpu=cortex-m4 -mfpu=fpv4-sp-d16 -mfloat-abi=hard -mthumb -D__REDLIB__ -specs=redlib.specs -MMD -MP -MF"source/ADC.d" -MT"source/ADC.o" -MT"source/ADC.d" -o "source/ADC.o" "../source/ADC.c"
../source/ACELEROMETRO.c: In function 'acelerometroInit':
../source/ACELEROMETRO.c:20:11: error: 'ADC_Congif' undeclared (first use in this function)
 ADC_init(&ADC_Congif);
           ^
../source/ACELEROMETRO.c:20:11: note: each undeclared identifier is reported only once for each function it appears in
../source/ACELEROMETRO.c: In function 'getVlaue_Y':
../source/ACELEROMETRO.c:24:9: error: 'value_Y' undeclared (first use in this function)
  return value_Y;
         ^
../source/ACELEROMETRO.c:25:1: warning: control reaches end of non-void function [-Wreturn-type]
 }
 ^
make: *** [source/ACELEROMETRO.o] Error 1
make: *** Waiting for unfinished jobs....
../source/ADC.c: In function 'ADC_read':
../source/ADC.c:161:1: warning: control reaches end of non-void function [-Wreturn-type]
 }
 ^
Finished building: ../source/ADC.c
 
23:17:21 **** Incremental Build of configuration Debug for project Silla ****
make -r -j3 all 
Building file: ../source/ACELEROMETRO.c
Invoking: MCU C Compiler
arm-none-eabi-gcc -DCR_INTEGER_PRINTF -DSDK_DEBUGCONSOLE=0 -D__MCUXPRESSO -D__USE_CMSIS -DDEBUG -DSDK_OS_BAREMETAL -DFSL_RTOS_BM -DCPU_MK64FN1M0VLL12 -DCPU_MK64FN1M0VLL12_cm4 -D__REDLIB__ -I"/Sistemas_Embebidos/Proyecto_Final/Silla/source" -I"/Sistemas_Embebidos/Proyecto_Final/Silla" -I"/Sistemas_Embebidos/Proyecto_Final/Silla/CMSIS" -I/Users/Roberto/mcuxpresso/SDKPackages/SDK_2/CMSIS/Include -I/Users/Roberto/mcuxpresso/SDKPackages/SDK_2/CMSIS -I/Users/Roberto/mcuxpresso/SDKPackages/SDK_2/devices/MK64F12 -I/Users/Roberto/mcuxpresso/SDKPackages/SDK_2/devices -I"/Sistemas_Embebidos/Proyecto_Final/Silla/startup" -O0 -fno-common -g3 -Wall -c -fmessage-length=0 -fno-builtin -ffunction-sections -fdata-sections -mcpu=cortex-m4 -mfpu=fpv4-sp-d16 -mfloat-abi=hard -mthumb -D__REDLIB__ -specs=redlib.specs -MMD -MP -MF"source/ACELEROMETRO.d" -MT"source/ACELEROMETRO.o" -MT"source/ACELEROMETRO.d" -o "source/ACELEROMETRO.o" "../source/ACELEROMETRO.c"
../source/ACELEROMETRO.c: In function 'acelerometroInit':
../source/ACELEROMETRO.c:20:11: error: 'ADC_Congif' undeclared (first use in this function)
 ADC_init(&ADC_Congif);
           ^
../source/ACELEROMETRO.c:20:11: note: each undeclared identifier is reported only once for each function it appears in
make: *** [source/ACELEROMETRO.o] Error 1
23:19:27 **** Incremental Build of configuration Debug for project Silla ****
make -r -j3 all 
Building file: ../source/ACELEROMETRO.c
Building file: ../source/ADC.c
Invoking: MCU C Compiler
arm-none-eabi-gcc -DCR_INTEGER_PRINTF -DSDK_DEBUGCONSOLE=0 -D__MCUXPRESSO -D__USE_CMSIS -DDEBUG -DSDK_OS_BAREMETAL -DFSL_RTOS_BM -DCPU_MK64FN1M0VLL12 -DCPU_MK64FN1M0VLL12_cm4 -D__REDLIB__ -I"/Sistemas_Embebidos/Proyecto_Final/Silla/source" -I"/Sistemas_Embebidos/Proyecto_Final/Silla" -I"/Sistemas_Embebidos/Proyecto_Final/Silla/CMSIS" -I/Users/Roberto/mcuxpresso/SDKPackages/SDK_2/CMSIS/Include -I/Users/Roberto/mcuxpresso/SDKPackages/SDK_2/CMSIS -I/Users/Roberto/mcuxpresso/SDKPackages/SDK_2/devices/MK64F12 -I/Users/Roberto/mcuxpresso/SDKPackages/SDK_2/devices -I"/Sistemas_Embebidos/Proyecto_Final/Silla/startup" -O0 -fno-common -g3 -Wall -c -fmessage-length=0 -fno-builtin -ffunction-sections -fdata-sections -mcpu=cortex-m4 -mfpu=fpv4-sp-d16 -mfloat-abi=hard -mthumb -D__REDLIB__ -specs=redlib.specs -MMD -MP -MF"source/ACELEROMETRO.d" -MT"source/ACELEROMETRO.o" -MT"source/ACELEROMETRO.d" -o "source/ACELEROMETRO.o" "../source/ACELEROMETRO.c"
Invoking: MCU C Compiler
arm-none-eabi-gcc -DCR_INTEGER_PRINTF -DSDK_DEBUGCONSOLE=0 -D__MCUXPRESSO -D__USE_CMSIS -DDEBUG -DSDK_OS_BAREMETAL -DFSL_RTOS_BM -DCPU_MK64FN1M0VLL12 -DCPU_MK64FN1M0VLL12_cm4 -D__REDLIB__ -I"/Sistemas_Embebidos/Proyecto_Final/Silla/source" -I"/Sistemas_Embebidos/Proyecto_Final/Silla" -I"/Sistemas_Embebidos/Proyecto_Final/Silla/CMSIS" -I/Users/Roberto/mcuxpresso/SDKPackages/SDK_2/CMSIS/Include -I/Users/Roberto/mcuxpresso/SDKPackages/SDK_2/CMSIS -I/Users/Roberto/mcuxpresso/SDKPackages/SDK_2/devices/MK64F12 -I/Users/Roberto/mcuxpresso/SDKPackages/SDK_2/devices -I"/Sistemas_Embebidos/Proyecto_Final/Silla/startup" -O0 -fno-common -g3 -Wall -c -fmessage-length=0 -fno-builtin -ffunction-sections -fdata-sections -mcpu=cortex-m4 -mfpu=fpv4-sp-d16 -mfloat-abi=hard -mthumb -D__REDLIB__ -specs=redlib.specs -MMD -MP -MF"source/ADC.d" -MT"source/ADC.o" -MT"source/ADC.d" -o "source/ADC.o" "../source/ADC.c"
../source/ACELEROMETRO.c: In function 'acelerometroInit':
../source/ACELEROMETRO.c:20:11: error: 'ADC_Congif' undeclared (first use in this function)
 ADC_init(&ADC_Congif);
           ^
../source/ACELEROMETRO.c:20:11: note: each undeclared identifier is reported only once for each function it appears in
make: *** [source/ACELEROMETRO.o] Error 1
make: *** Waiting for unfinished jobs....
../source/ADC.c: In function 'ADC_read':
../source/ADC.c:161:1: warning: control reaches end of non-void function [-Wreturn-type]
 }
 ^
Finished building: ../source/ADC.c
 
23:22:09 **** Incremental Build of configuration Debug for project Silla ****
make -r -j3 all 
Building file: ../source/ACELEROMETRO.c
Invoking: MCU C Compiler
arm-none-eabi-gcc -DCR_INTEGER_PRINTF -DSDK_DEBUGCONSOLE=0 -D__MCUXPRESSO -D__USE_CMSIS -DDEBUG -DSDK_OS_BAREMETAL -DFSL_RTOS_BM -DCPU_MK64FN1M0VLL12 -DCPU_MK64FN1M0VLL12_cm4 -D__REDLIB__ -I"/Sistemas_Embebidos/Proyecto_Final/Silla/source" -I"/Sistemas_Embebidos/Proyecto_Final/Silla" -I"/Sistemas_Embebidos/Proyecto_Final/Silla/CMSIS" -I/Users/Roberto/mcuxpresso/SDKPackages/SDK_2/CMSIS/Include -I/Users/Roberto/mcuxpresso/SDKPackages/SDK_2/CMSIS -I/Users/Roberto/mcuxpresso/SDKPackages/SDK_2/devices/MK64F12 -I/Users/Roberto/mcuxpresso/SDKPackages/SDK_2/devices -I"/Sistemas_Embebidos/Proyecto_Final/Silla/startup" -O0 -fno-common -g3 -Wall -c -fmessage-length=0 -fno-builtin -ffunction-sections -fdata-sections -mcpu=cortex-m4 -mfpu=fpv4-sp-d16 -mfloat-abi=hard -mthumb -D__REDLIB__ -specs=redlib.specs -MMD -MP -MF"source/ACELEROMETRO.d" -MT"source/ACELEROMETRO.o" -MT"source/ACELEROMETRO.d" -o "source/ACELEROMETRO.o" "../source/ACELEROMETRO.c"
../source/ACELEROMETRO.c: In function 'acelerometroInit':
../source/ACELEROMETRO.c:20:11: error: 'ADC_Congif' undeclared (first use in this function)
 ADC_init(&ADC_Congif);
           ^
../source/ACELEROMETRO.c:20:11: note: each undeclared identifier is reported only once for each function it appears in
make: *** [source/ACELEROMETRO.o] Error 1
23:22:16 **** Incremental Build of configuration Debug for project Silla ****
make -r -j3 all 
Building file: ../source/ACELEROMETRO.c
Invoking: MCU C Compiler
arm-none-eabi-gcc -DCR_INTEGER_PRINTF -DSDK_DEBUGCONSOLE=0 -D__MCUXPRESSO -D__USE_CMSIS -DDEBUG -DSDK_OS_BAREMETAL -DFSL_RTOS_BM -DCPU_MK64FN1M0VLL12 -DCPU_MK64FN1M0VLL12_cm4 -D__REDLIB__ -I"/Sistemas_Embebidos/Proyecto_Final/Silla/source" -I"/Sistemas_Embebidos/Proyecto_Final/Silla" -I"/Sistemas_Embebidos/Proyecto_Final/Silla/CMSIS" -I/Users/Roberto/mcuxpresso/SDKPackages/SDK_2/CMSIS/Include -I/Users/Roberto/mcuxpresso/SDKPackages/SDK_2/CMSIS -I/Users/Roberto/mcuxpresso/SDKPackages/SDK_2/devices/MK64F12 -I/Users/Roberto/mcuxpresso/SDKPackages/SDK_2/devices -I"/Sistemas_Embebidos/Proyecto_Final/Silla/startup" -O0 -fno-common -g3 -Wall -c -fmessage-length=0 -fno-builtin -ffunction-sections -fdata-sections -mcpu=cortex-m4 -mfpu=fpv4-sp-d16 -mfloat-abi=hard -mthumb -D__REDLIB__ -specs=redlib.specs -MMD -MP -MF"source/ACELEROMETRO.d" -MT"source/ACELEROMETRO.o" -MT"source/ACELEROMETRO.d" -o "source/ACELEROMETRO.o" "../source/ACELEROMETRO.c"
../source/ACELEROMETRO.c: In function 'getVlaue_Y':
../source/ACELEROMETRO.c:25:9: warning: 'value_Y' is used uninitialized in this function [-Wuninitialized]
  return value_Y;
         ^
Finished building: ../source/ACELEROMETRO.c
 
Building target: Silla.axf
Invoking: MCU Linker
arm-none-eabi-gcc -nostdlib -Xlinker -Map="Silla.map" -Xlinker --gc-sections -Xlinker -print-memory-usage -mcpu=cortex-m4 -mfpu=fpv4-sp-d16 -mfloat-abi=hard -mthumb -T Silla_Debug.ld -o "Silla.axf"  ./startup/startup_mk64f12.o  ./source/ACELEROMETRO.o ./source/ADC.o ./source/GPIO.o ./source/GlobalFunctions.o ./source/main.o  ./CMSIS/system_MK64F12.o   
Memory region         Used Size  Region Size  %age Used
   PROGRAM_FLASH:        3208 B         1 MB      0.31%
      SRAM_UPPER:        8376 B       192 KB      4.26%
      SRAM_LOWER:          0 GB        64 KB      0.00%
        FLEX_RAM:          0 GB         4 KB      0.00%
Finished building target: Silla.axf
 
make --no-print-directory post-build
Performing post-build steps
arm-none-eabi-size "Silla.axf"; # arm-none-eabi-objcopy -v -O binary "Silla.axf" "Silla.bin" ; # checksum -p MK64FN1M0xxx12 -d "Silla.bin";
   text	   data	    bss	    dec	    hex	filename
   3208	      0	   8376	  11584	   2d40	Silla.axf
 
23:22:26 **** Incremental Build of configuration Debug for project Silla ****
make -r -j3 all 
Building file: ../source/ACELEROMETRO.c
Building file: ../source/ADC.c
Invoking: MCU C Compiler
arm-none-eabi-gcc -DCR_INTEGER_PRINTF -DSDK_DEBUGCONSOLE=0 -D__MCUXPRESSO -D__USE_CMSIS -DDEBUG -DSDK_OS_BAREMETAL -DFSL_RTOS_BM -DCPU_MK64FN1M0VLL12 -DCPU_MK64FN1M0VLL12_cm4 -D__REDLIB__ -I"/Sistemas_Embebidos/Proyecto_Final/Silla/source" -I"/Sistemas_Embebidos/Proyecto_Final/Silla" -I"/Sistemas_Embebidos/Proyecto_Final/Silla/CMSIS" -I/Users/Roberto/mcuxpresso/SDKPackages/SDK_2/CMSIS/Include -I/Users/Roberto/mcuxpresso/SDKPackages/SDK_2/CMSIS -I/Users/Roberto/mcuxpresso/SDKPackages/SDK_2/devices/MK64F12 -I/Users/Roberto/mcuxpresso/SDKPackages/SDK_2/devices -I"/Sistemas_Embebidos/Proyecto_Final/Silla/startup" -O0 -fno-common -g3 -Wall -c -fmessage-length=0 -fno-builtin -ffunction-sections -fdata-sections -mcpu=cortex-m4 -mfpu=fpv4-sp-d16 -mfloat-abi=hard -mthumb -D__REDLIB__ -specs=redlib.specs -MMD -MP -MF"source/ACELEROMETRO.d" -MT"source/ACELEROMETRO.o" -MT"source/ACELEROMETRO.d" -o "source/ACELEROMETRO.o" "../source/ACELEROMETRO.c"
Invoking: MCU C Compiler
arm-none-eabi-gcc -DCR_INTEGER_PRINTF -DSDK_DEBUGCONSOLE=0 -D__MCUXPRESSO -D__USE_CMSIS -DDEBUG -DSDK_OS_BAREMETAL -DFSL_RTOS_BM -DCPU_MK64FN1M0VLL12 -DCPU_MK64FN1M0VLL12_cm4 -D__REDLIB__ -I"/Sistemas_Embebidos/Proyecto_Final/Silla/source" -I"/Sistemas_Embebidos/Proyecto_Final/Silla" -I"/Sistemas_Embebidos/Proyecto_Final/Silla/CMSIS" -I/Users/Roberto/mcuxpresso/SDKPackages/SDK_2/CMSIS/Include -I/Users/Roberto/mcuxpresso/SDKPackages/SDK_2/CMSIS -I/Users/Roberto/mcuxpresso/SDKPackages/SDK_2/devices/MK64F12 -I/Users/Roberto/mcuxpresso/SDKPackages/SDK_2/devices -I"/Sistemas_Embebidos/Proyecto_Final/Silla/startup" -O0 -fno-common -g3 -Wall -c -fmessage-length=0 -fno-builtin -ffunction-sections -fdata-sections -mcpu=cortex-m4 -mfpu=fpv4-sp-d16 -mfloat-abi=hard -mthumb -D__REDLIB__ -specs=redlib.specs -MMD -MP -MF"source/ADC.d" -MT"source/ADC.o" -MT"source/ADC.d" -o "source/ADC.o" "../source/ADC.c"
../source/ADC.c: In function 'ADC_read':
../source/ADC.c:161:1: warning: control reaches end of non-void function [-Wreturn-type]
 }
 ^
../source/ACELEROMETRO.c: In function 'getVlaue_Y':
../source/ACELEROMETRO.c:18:9: warning: 'value_Y' is used uninitialized in this function [-Wuninitialized]
  return value_Y;
         ^
Finished building: ../source/ACELEROMETRO.c
 
Finished building: ../source/ADC.c
 
Building target: Silla.axf
Invoking: MCU Linker
arm-none-eabi-gcc -nostdlib -Xlinker -Map="Silla.map" -Xlinker --gc-sections -Xlinker -print-memory-usage -mcpu=cortex-m4 -mfpu=fpv4-sp-d16 -mfloat-abi=hard -mthumb -T Silla_Debug.ld -o "Silla.axf"  ./startup/startup_mk64f12.o  ./source/ACELEROMETRO.o ./source/ADC.o ./source/GPIO.o ./source/GlobalFunctions.o ./source/main.o  ./CMSIS/system_MK64F12.o   
Memory region         Used Size  Region Size  %age Used
   PROGRAM_FLASH:        3208 B         1 MB      0.31%
./source/ADC.o:(.rodata.ADC_Config+0x0): multiple definition of `ADC_Config'
./source/ACELEROMETRO.o:(.rodata.ADC_Config+0x0): first defined here
      SRAM_UPPER:        8376 B       192 KB      4.26%
      SRAM_LOWER:          0 GB        64 KB      0.00%
collect2: error: ld returned 1 exit status
        FLEX_RAM:          0 GB         4 KB      0.00%
make: *** [Silla.axf] Error 1
23:22:42 **** Incremental Build of configuration Debug for project Silla ****
make -r -j3 all 
Building file: ../source/ACELEROMETRO.c
Invoking: MCU C Compiler
arm-none-eabi-gcc -DCR_INTEGER_PRINTF -DSDK_DEBUGCONSOLE=0 -D__MCUXPRESSO -D__USE_CMSIS -DDEBUG -DSDK_OS_BAREMETAL -DFSL_RTOS_BM -DCPU_MK64FN1M0VLL12 -DCPU_MK64FN1M0VLL12_cm4 -D__REDLIB__ -I"/Sistemas_Embebidos/Proyecto_Final/Silla/source" -I"/Sistemas_Embebidos/Proyecto_Final/Silla" -I"/Sistemas_Embebidos/Proyecto_Final/Silla/CMSIS" -I/Users/Roberto/mcuxpresso/SDKPackages/SDK_2/CMSIS/Include -I/Users/Roberto/mcuxpresso/SDKPackages/SDK_2/CMSIS -I/Users/Roberto/mcuxpresso/SDKPackages/SDK_2/devices/MK64F12 -I/Users/Roberto/mcuxpresso/SDKPackages/SDK_2/devices -I"/Sistemas_Embebidos/Proyecto_Final/Silla/startup" -O0 -fno-common -g3 -Wall -c -fmessage-length=0 -fno-builtin -ffunction-sections -fdata-sections -mcpu=cortex-m4 -mfpu=fpv4-sp-d16 -mfloat-abi=hard -mthumb -D__REDLIB__ -specs=redlib.specs -MMD -MP -MF"source/ACELEROMETRO.d" -MT"source/ACELEROMETRO.o" -MT"source/ACELEROMETRO.d" -o "source/ACELEROMETRO.o" "../source/ACELEROMETRO.c"
../source/ACELEROMETRO.c: In function 'getVlaue_Y':
../source/ACELEROMETRO.c:17:9: warning: 'value_Y' is used uninitialized in this function [-Wuninitialized]
  return value_Y;
         ^
Finished building: ../source/ACELEROMETRO.c
 
Building target: Silla.axf
Invoking: MCU Linker
arm-none-eabi-gcc -nostdlib -Xlinker -Map="Silla.map" -Xlinker --gc-sections -Xlinker -print-memory-usage -mcpu=cortex-m4 -mfpu=fpv4-sp-d16 -mfloat-abi=hard -mthumb -T Silla_Debug.ld -o "Silla.axf"  ./startup/startup_mk64f12.o  ./source/ACELEROMETRO.o ./source/ADC.o ./source/GPIO.o ./source/GlobalFunctions.o ./source/main.o  ./CMSIS/system_MK64F12.o   
Memory region         Used Size  Region Size  %age Used
   PROGRAM_FLASH:        3208 B         1 MB      0.31%
      SRAM_UPPER:        8376 B       192 KB      4.26%
./source/ADC.o:(.rodata.ADC_Config+0x0): multiple definition of `ADC_Config'
./source/ACELEROMETRO.o:(.rodata.ADC_Config+0x0): first defined here
collect2: error: ld returned 1 exit status
make: *** [Silla.axf] Error 1
      SRAM_LOWER:          0 GB        64 KB      0.00%
        FLEX_RAM:          0 GB         4 KB      0.00%
23:22:54 **** Incremental Build of configuration Debug for project Silla ****
make -r -j3 all 
Building file: ../source/ACELEROMETRO.c
Building file: ../source/ADC.c
Invoking: MCU C Compiler
arm-none-eabi-gcc -DCR_INTEGER_PRINTF -DSDK_DEBUGCONSOLE=0 -D__MCUXPRESSO -D__USE_CMSIS -DDEBUG -DSDK_OS_BAREMETAL -DFSL_RTOS_BM -DCPU_MK64FN1M0VLL12 -DCPU_MK64FN1M0VLL12_cm4 -D__REDLIB__ -I"/Sistemas_Embebidos/Proyecto_Final/Silla/source" -I"/Sistemas_Embebidos/Proyecto_Final/Silla" -I"/Sistemas_Embebidos/Proyecto_Final/Silla/CMSIS" -I/Users/Roberto/mcuxpresso/SDKPackages/SDK_2/CMSIS/Include -I/Users/Roberto/mcuxpresso/SDKPackages/SDK_2/CMSIS -I/Users/Roberto/mcuxpresso/SDKPackages/SDK_2/devices/MK64F12 -I/Users/Roberto/mcuxpresso/SDKPackages/SDK_2/devices -I"/Sistemas_Embebidos/Proyecto_Final/Silla/startup" -O0 -fno-common -g3 -Wall -c -fmessage-length=0 -fno-builtin -ffunction-sections -fdata-sections -mcpu=cortex-m4 -mfpu=fpv4-sp-d16 -mfloat-abi=hard -mthumb -D__REDLIB__ -specs=redlib.specs -MMD -MP -MF"source/ACELEROMETRO.d" -MT"source/ACELEROMETRO.o" -MT"source/ACELEROMETRO.d" -o "source/ACELEROMETRO.o" "../source/ACELEROMETRO.c"
Invoking: MCU C Compiler
arm-none-eabi-gcc -DCR_INTEGER_PRINTF -DSDK_DEBUGCONSOLE=0 -D__MCUXPRESSO -D__USE_CMSIS -DDEBUG -DSDK_OS_BAREMETAL -DFSL_RTOS_BM -DCPU_MK64FN1M0VLL12 -DCPU_MK64FN1M0VLL12_cm4 -D__REDLIB__ -I"/Sistemas_Embebidos/Proyecto_Final/Silla/source" -I"/Sistemas_Embebidos/Proyecto_Final/Silla" -I"/Sistemas_Embebidos/Proyecto_Final/Silla/CMSIS" -I/Users/Roberto/mcuxpresso/SDKPackages/SDK_2/CMSIS/Include -I/Users/Roberto/mcuxpresso/SDKPackages/SDK_2/CMSIS -I/Users/Roberto/mcuxpresso/SDKPackages/SDK_2/devices/MK64F12 -I/Users/Roberto/mcuxpresso/SDKPackages/SDK_2/devices -I"/Sistemas_Embebidos/Proyecto_Final/Silla/startup" -O0 -fno-common -g3 -Wall -c -fmessage-length=0 -fno-builtin -ffunction-sections -fdata-sections -mcpu=cortex-m4 -mfpu=fpv4-sp-d16 -mfloat-abi=hard -mthumb -D__REDLIB__ -specs=redlib.specs -MMD -MP -MF"source/ADC.d" -MT"source/ADC.o" -MT"source/ADC.d" -o "source/ADC.o" "../source/ADC.c"
../source/ACELEROMETRO.c: In function 'getVlaue_Y':
../source/ACELEROMETRO.c:25:9: warning: 'value_Y' is used uninitialized in this function [-Wuninitialized]
  return value_Y;
         ^
../source/ADC.c: In function 'ADC_read':
../source/ADC.c:161:1: warning: control reaches end of non-void function [-Wreturn-type]
 }
 ^
Finished building: ../source/ACELEROMETRO.c
 
Finished building: ../source/ADC.c
 
Building target: Silla.axf
Invoking: MCU Linker
arm-none-eabi-gcc -nostdlib -Xlinker -Map="Silla.map" -Xlinker --gc-sections -Xlinker -print-memory-usage -mcpu=cortex-m4 -mfpu=fpv4-sp-d16 -mfloat-abi=hard -mthumb -T Silla_Debug.ld -o "Silla.axf"  ./startup/startup_mk64f12.o  ./source/ACELEROMETRO.o ./source/ADC.o ./source/GPIO.o ./source/GlobalFunctions.o ./source/main.o  ./CMSIS/system_MK64F12.o   
Memory region         Used Size  Region Size  %age Used
   PROGRAM_FLASH:        3208 B         1 MB      0.31%
      SRAM_UPPER:        8376 B       192 KB      4.26%
      SRAM_LOWER:          0 GB        64 KB      0.00%
        FLEX_RAM:          0 GB         4 KB      0.00%
Finished building target: Silla.axf
 
make --no-print-directory post-build
Performing post-build steps
arm-none-eabi-size "Silla.axf"; # arm-none-eabi-objcopy -v -O binary "Silla.axf" "Silla.bin" ; # checksum -p MK64FN1M0xxx12 -d "Silla.bin";
   text	   data	    bss	    dec	    hex	filename
   3208	      0	   8376	  11584	   2d40	Silla.axf
 
23:23:08 **** Incremental Build of configuration Debug for project Silla ****
make -r -j3 all 
Building file: ../source/ACELEROMETRO.c
Invoking: MCU C Compiler
arm-none-eabi-gcc -DCR_INTEGER_PRINTF -DSDK_DEBUGCONSOLE=0 -D__MCUXPRESSO -D__USE_CMSIS -DDEBUG -DSDK_OS_BAREMETAL -DFSL_RTOS_BM -DCPU_MK64FN1M0VLL12 -DCPU_MK64FN1M0VLL12_cm4 -D__REDLIB__ -I"/Sistemas_Embebidos/Proyecto_Final/Silla/source" -I"/Sistemas_Embebidos/Proyecto_Final/Silla" -I"/Sistemas_Embebidos/Proyecto_Final/Silla/CMSIS" -I/Users/Roberto/mcuxpresso/SDKPackages/SDK_2/CMSIS/Include -I/Users/Roberto/mcuxpresso/SDKPackages/SDK_2/CMSIS -I/Users/Roberto/mcuxpresso/SDKPackages/SDK_2/devices/MK64F12 -I/Users/Roberto/mcuxpresso/SDKPackages/SDK_2/devices -I"/Sistemas_Embebidos/Proyecto_Final/Silla/startup" -O0 -fno-common -g3 -Wall -c -fmessage-length=0 -fno-builtin -ffunction-sections -fdata-sections -mcpu=cortex-m4 -mfpu=fpv4-sp-d16 -mfloat-abi=hard -mthumb -D__REDLIB__ -specs=redlib.specs -MMD -MP -MF"source/ACELEROMETRO.d" -MT"source/ACELEROMETRO.o" -MT"source/ACELEROMETRO.d" -o "source/ACELEROMETRO.o" "../source/ACELEROMETRO.c"
Finished building: ../source/ACELEROMETRO.c
 
Building target: Silla.axf
Invoking: MCU Linker
arm-none-eabi-gcc -nostdlib -Xlinker -Map="Silla.map" -Xlinker --gc-sections -Xlinker -print-memory-usage -mcpu=cortex-m4 -mfpu=fpv4-sp-d16 -mfloat-abi=hard -mthumb -T Silla_Debug.ld -o "Silla.axf"  ./startup/startup_mk64f12.o  ./source/ACELEROMETRO.o ./source/ADC.o ./source/GPIO.o ./source/GlobalFunctions.o ./source/main.o  ./CMSIS/system_MK64F12.o   
Memory region         Used Size  Region Size  %age Used
   PROGRAM_FLASH:        3208 B         1 MB      0.31%
      SRAM_UPPER:        8376 B       192 KB      4.26%
      SRAM_LOWER:          0 GB        64 KB      0.00%
        FLEX_RAM:          0 GB         4 KB      0.00%
Finished building target: Silla.axf
 
make --no-print-directory post-build
Performing post-build steps
arm-none-eabi-size "Silla.axf"; # arm-none-eabi-objcopy -v -O binary "Silla.axf" "Silla.bin" ; # checksum -p MK64FN1M0xxx12 -d "Silla.bin";
   text	   data	    bss	    dec	    hex	filename
   3208	      0	   8376	  11584	   2d40	Silla.axf
 
23:23:19 **** Incremental Build of configuration Debug for project Silla ****
make -r -j3 all 
Building file: ../source/ACELEROMETRO.c
Invoking: MCU C Compiler
arm-none-eabi-gcc -DCR_INTEGER_PRINTF -DSDK_DEBUGCONSOLE=0 -D__MCUXPRESSO -D__USE_CMSIS -DDEBUG -DSDK_OS_BAREMETAL -DFSL_RTOS_BM -DCPU_MK64FN1M0VLL12 -DCPU_MK64FN1M0VLL12_cm4 -D__REDLIB__ -I"/Sistemas_Embebidos/Proyecto_Final/Silla/source" -I"/Sistemas_Embebidos/Proyecto_Final/Silla" -I"/Sistemas_Embebidos/Proyecto_Final/Silla/CMSIS" -I/Users/Roberto/mcuxpresso/SDKPackages/SDK_2/CMSIS/Include -I/Users/Roberto/mcuxpresso/SDKPackages/SDK_2/CMSIS -I/Users/Roberto/mcuxpresso/SDKPackages/SDK_2/devices/MK64F12 -I/Users/Roberto/mcuxpresso/SDKPackages/SDK_2/devices -I"/Sistemas_Embebidos/Proyecto_Final/Silla/startup" -O0 -fno-common -g3 -Wall -c -fmessage-length=0 -fno-builtin -ffunction-sections -fdata-sections -mcpu=cortex-m4 -mfpu=fpv4-sp-d16 -mfloat-abi=hard -mthumb -D__REDLIB__ -specs=redlib.specs -MMD -MP -MF"source/ACELEROMETRO.d" -MT"source/ACELEROMETRO.o" -MT"source/ACELEROMETRO.d" -o "source/ACELEROMETRO.o" "../source/ACELEROMETRO.c"
Finished building: ../source/ACELEROMETRO.c
 
Building target: Silla.axf
Invoking: MCU Linker
arm-none-eabi-gcc -nostdlib -Xlinker -Map="Silla.map" -Xlinker --gc-sections -Xlinker -print-memory-usage -mcpu=cortex-m4 -mfpu=fpv4-sp-d16 -mfloat-abi=hard -mthumb -T Silla_Debug.ld -o "Silla.axf"  ./startup/startup_mk64f12.o  ./source/ACELEROMETRO.o ./source/ADC.o ./source/GPIO.o ./source/GlobalFunctions.o ./source/main.o  ./CMSIS/system_MK64F12.o   
Memory region         Used Size  Region Size  %age Used
   PROGRAM_FLASH:        3208 B         1 MB      0.31%
      SRAM_UPPER:        8376 B       192 KB      4.26%
      SRAM_LOWER:          0 GB        64 KB      0.00%
        FLEX_RAM:          0 GB         4 KB      0.00%
Finished building target: Silla.axf
 
make --no-print-directory post-build
Performing post-build steps
arm-none-eabi-size "Silla.axf"; # arm-none-eabi-objcopy -v -O binary "Silla.axf" "Silla.bin" ; # checksum -p MK64FN1M0xxx12 -d "Silla.bin";
   text	   data	    bss	    dec	    hex	filename
   3208	      0	   8376	  11584	   2d40	Silla.axf
 
23:30:07 **** Incremental Build of configuration Debug for project Silla ****
make -r -j3 all 
Building file: ../source/ACELEROMETRO.c
Building file: ../source/ADC.c
Invoking: MCU C Compiler
arm-none-eabi-gcc -DCR_INTEGER_PRINTF -DSDK_DEBUGCONSOLE=0 -D__MCUXPRESSO -D__USE_CMSIS -DDEBUG -DSDK_OS_BAREMETAL -DFSL_RTOS_BM -DCPU_MK64FN1M0VLL12 -DCPU_MK64FN1M0VLL12_cm4 -D__REDLIB__ -I"/Sistemas_Embebidos/Proyecto_Final/Silla/source" -I"/Sistemas_Embebidos/Proyecto_Final/Silla" -I"/Sistemas_Embebidos/Proyecto_Final/Silla/CMSIS" -I/Users/Roberto/mcuxpresso/SDKPackages/SDK_2/CMSIS/Include -I/Users/Roberto/mcuxpresso/SDKPackages/SDK_2/CMSIS -I/Users/Roberto/mcuxpresso/SDKPackages/SDK_2/devices/MK64F12 -I/Users/Roberto/mcuxpresso/SDKPackages/SDK_2/devices -I"/Sistemas_Embebidos/Proyecto_Final/Silla/startup" -O0 -fno-common -g3 -Wall -c -fmessage-length=0 -fno-builtin -ffunction-sections -fdata-sections -mcpu=cortex-m4 -mfpu=fpv4-sp-d16 -mfloat-abi=hard -mthumb -D__REDLIB__ -specs=redlib.specs -MMD -MP -MF"source/ADC.d" -MT"source/ADC.o" -MT"source/ADC.d" -o "source/ADC.o" "../source/ADC.c"
Invoking: MCU C Compiler
arm-none-eabi-gcc -DCR_INTEGER_PRINTF -DSDK_DEBUGCONSOLE=0 -D__MCUXPRESSO -D__USE_CMSIS -DDEBUG -DSDK_OS_BAREMETAL -DFSL_RTOS_BM -DCPU_MK64FN1M0VLL12 -DCPU_MK64FN1M0VLL12_cm4 -D__REDLIB__ -I"/Sistemas_Embebidos/Proyecto_Final/Silla/source" -I"/Sistemas_Embebidos/Proyecto_Final/Silla" -I"/Sistemas_Embebidos/Proyecto_Final/Silla/CMSIS" -I/Users/Roberto/mcuxpresso/SDKPackages/SDK_2/CMSIS/Include -I/Users/Roberto/mcuxpresso/SDKPackages/SDK_2/CMSIS -I/Users/Roberto/mcuxpresso/SDKPackages/SDK_2/devices/MK64F12 -I/Users/Roberto/mcuxpresso/SDKPackages/SDK_2/devices -I"/Sistemas_Embebidos/Proyecto_Final/Silla/startup" -O0 -fno-common -g3 -Wall -c -fmessage-length=0 -fno-builtin -ffunction-sections -fdata-sections -mcpu=cortex-m4 -mfpu=fpv4-sp-d16 -mfloat-abi=hard -mthumb -D__REDLIB__ -specs=redlib.specs -MMD -MP -MF"source/ACELEROMETRO.d" -MT"source/ACELEROMETRO.o" -MT"source/ACELEROMETRO.d" -o "source/ACELEROMETRO.o" "../source/ACELEROMETRO.c"
../source/ADC.c: In function 'ADC_read':
../source/ADC.c:161:1: warning: control reaches end of non-void function [-Wreturn-type]
 }
 ^
../source/ACELEROMETRO.c: In function 'getValue_Y':
../source/ACELEROMETRO.c:24:8: warning: variable 'getValue_Y' set but not used [-Wunused-but-set-variable]
  uint8 getValue_Y;
        ^
Finished building: ../source/ACELEROMETRO.c
 
Finished building: ../source/ADC.c
 
Building target: Silla.axf
Invoking: MCU Linker
arm-none-eabi-gcc -nostdlib -Xlinker -Map="Silla.map" -Xlinker --gc-sections -Xlinker -print-memory-usage -mcpu=cortex-m4 -mfpu=fpv4-sp-d16 -mfloat-abi=hard -mthumb -T Silla_Debug.ld -o "Silla.axf"  ./startup/startup_mk64f12.o  ./source/ACELEROMETRO.o ./source/ADC.o ./source/GPIO.o ./source/GlobalFunctions.o ./source/main.o  ./CMSIS/system_MK64F12.o   
Memory region         Used Size  Region Size  %age Used
   PROGRAM_FLASH:        3208 B         1 MB      0.31%
      SRAM_UPPER:        8376 B       192 KB      4.26%
      SRAM_LOWER:          0 GB        64 KB      0.00%
        FLEX_RAM:          0 GB         4 KB      0.00%
Finished building target: Silla.axf
 
make --no-print-directory post-build
Performing post-build steps
arm-none-eabi-size "Silla.axf"; # arm-none-eabi-objcopy -v -O binary "Silla.axf" "Silla.bin" ; # checksum -p MK64FN1M0xxx12 -d "Silla.bin";
   text	   data	    bss	    dec	    hex	filename
   3208	      0	   8376	  11584	   2d40	Silla.axf
 
23:30:19 **** Incremental Build of configuration Debug for project Silla ****
make -r -j3 all 
Building file: ../source/ACELEROMETRO.c
Invoking: MCU C Compiler
arm-none-eabi-gcc -DCR_INTEGER_PRINTF -DSDK_DEBUGCONSOLE=0 -D__MCUXPRESSO -D__USE_CMSIS -DDEBUG -DSDK_OS_BAREMETAL -DFSL_RTOS_BM -DCPU_MK64FN1M0VLL12 -DCPU_MK64FN1M0VLL12_cm4 -D__REDLIB__ -I"/Sistemas_Embebidos/Proyecto_Final/Silla/source" -I"/Sistemas_Embebidos/Proyecto_Final/Silla" -I"/Sistemas_Embebidos/Proyecto_Final/Silla/CMSIS" -I/Users/Roberto/mcuxpresso/SDKPackages/SDK_2/CMSIS/Include -I/Users/Roberto/mcuxpresso/SDKPackages/SDK_2/CMSIS -I/Users/Roberto/mcuxpresso/SDKPackages/SDK_2/devices/MK64F12 -I/Users/Roberto/mcuxpresso/SDKPackages/SDK_2/devices -I"/Sistemas_Embebidos/Proyecto_Final/Silla/startup" -O0 -fno-common -g3 -Wall -c -fmessage-length=0 -fno-builtin -ffunction-sections -fdata-sections -mcpu=cortex-m4 -mfpu=fpv4-sp-d16 -mfloat-abi=hard -mthumb -D__REDLIB__ -specs=redlib.specs -MMD -MP -MF"source/ACELEROMETRO.d" -MT"source/ACELEROMETRO.o" -MT"source/ACELEROMETRO.d" -o "source/ACELEROMETRO.o" "../source/ACELEROMETRO.c"
Finished building: ../source/ACELEROMETRO.c
 
Building target: Silla.axf
Invoking: MCU Linker
arm-none-eabi-gcc -nostdlib -Xlinker -Map="Silla.map" -Xlinker --gc-sections -Xlinker -print-memory-usage -mcpu=cortex-m4 -mfpu=fpv4-sp-d16 -mfloat-abi=hard -mthumb -T Silla_Debug.ld -o "Silla.axf"  ./startup/startup_mk64f12.o  ./source/ACELEROMETRO.o ./source/ADC.o ./source/GPIO.o ./source/GlobalFunctions.o ./source/main.o  ./CMSIS/system_MK64F12.o   
Memory region         Used Size  Region Size  %age Used
   PROGRAM_FLASH:        3208 B         1 MB      0.31%
      SRAM_UPPER:        8376 B       192 KB      4.26%
      SRAM_LOWER:          0 GB        64 KB      0.00%
        FLEX_RAM:          0 GB         4 KB      0.00%
Finished building target: Silla.axf
 
make --no-print-directory post-build
Performing post-build steps
arm-none-eabi-size "Silla.axf"; # arm-none-eabi-objcopy -v -O binary "Silla.axf" "Silla.bin" ; # checksum -p MK64FN1M0xxx12 -d "Silla.bin";
   text	   data	    bss	    dec	    hex	filename
   3208	      0	   8376	  11584	   2d40	Silla.axf
 
13:07:43 **** Incremental Build of configuration Debug for project Silla ****
make -r -j3 all 
Building file: ../source/main.c
Invoking: MCU C Compiler
arm-none-eabi-gcc -DCR_INTEGER_PRINTF -DSDK_DEBUGCONSOLE=0 -D__MCUXPRESSO -D__USE_CMSIS -DDEBUG -DSDK_OS_BAREMETAL -DFSL_RTOS_BM -DCPU_MK64FN1M0VLL12 -DCPU_MK64FN1M0VLL12_cm4 -D__REDLIB__ -I"/Sistemas_Embebidos/Proyecto_Final/Silla/source" -I"/Sistemas_Embebidos/Proyecto_Final/Silla" -I"/Sistemas_Embebidos/Proyecto_Final/Silla/CMSIS" -I/Users/Roberto/mcuxpresso/SDKPackages/SDK_2/CMSIS/Include -I/Users/Roberto/mcuxpresso/SDKPackages/SDK_2/CMSIS -I/Users/Roberto/mcuxpresso/SDKPackages/SDK_2/devices/MK64F12 -I/Users/Roberto/mcuxpresso/SDKPackages/SDK_2/devices -I"/Sistemas_Embebidos/Proyecto_Final/Silla/startup" -O0 -fno-common -g3 -Wall -c -fmessage-length=0 -fno-builtin -ffunction-sections -fdata-sections -mcpu=cortex-m4 -mfpu=fpv4-sp-d16 -mfloat-abi=hard -mthumb -D__REDLIB__ -specs=redlib.specs -MMD -MP -MF"source/main.d" -MT"source/main.o" -MT"source/main.d" -o "source/main.o" "../source/main.c"
Finished building: ../source/main.c
 
Building target: Silla.axf
Invoking: MCU Linker
arm-none-eabi-gcc -nostdlib -Xlinker -Map="Silla.map" -Xlinker --gc-sections -Xlinker -print-memory-usage -mcpu=cortex-m4 -mfpu=fpv4-sp-d16 -mfloat-abi=hard -mthumb -T Silla_Debug.ld -o "Silla.axf"  ./startup/startup_mk64f12.o  ./source/ACELEROMETRO.o ./source/ADC.o ./source/GPIO.o ./source/GlobalFunctions.o ./source/main.o  ./CMSIS/system_MK64F12.o   
Memory region         Used Size  Region Size  %age Used
   PROGRAM_FLASH:        8428 B         1 MB      0.80%
      SRAM_UPPER:        8392 B       192 KB      4.27%
      SRAM_LOWER:          0 GB        64 KB      0.00%
        FLEX_RAM:          0 GB         4 KB      0.00%
Finished building target: Silla.axf
 
make --no-print-directory post-build
Performing post-build steps
arm-none-eabi-size "Silla.axf"; # arm-none-eabi-objcopy -v -O binary "Silla.axf" "Silla.bin" ; # checksum -p MK64FN1M0xxx12 -d "Silla.bin";
   text	   data	    bss	    dec	    hex	filename
   8428	      0	   8392	  16820	   41b4	Silla.axf
 
02:28:58 **** Incremental Build of configuration Debug for project Silla ****
make -r -j3 all 
Building target: Silla.axf
Invoking: MCU Linker
arm-none-eabi-gcc -nostdlib -Xlinker -Map="Silla.map" -Xlinker --gc-sections -Xlinker -print-memory-usage -mcpu=cortex-m4 -mfpu=fpv4-sp-d16 -mfloat-abi=hard -mthumb -T Silla_Debug.ld -o "Silla.axf"  ./startup/startup_mk64f12.o  ./source/ACELEROMETRO.o ./source/ADC.o ./source/GPIO.o ./source/GlobalFunctions.o ./source/main.o  ./CMSIS/system_MK64F12.o   
Memory region         Used Size  Region Size  %age Used
   PROGRAM_FLASH:        8428 B         1 MB      0.80%
      SRAM_UPPER:        8392 B       192 KB      4.27%
      SRAM_LOWER:          0 GB        64 KB      0.00%
        FLEX_RAM:          0 GB         4 KB      0.00%
Finished building target: Silla.axf
 
make --no-print-directory post-build
Performing post-build steps
arm-none-eabi-size "Silla.axf"; # arm-none-eabi-objcopy -v -O binary "Silla.axf" "Silla.bin" ; # checksum -p MK64FN1M0xxx12 -d "Silla.bin";
   text	   data	    bss	    dec	    hex	filename
   8428	      0	   8392	  16820	   41b4	Silla.axf
 
02:29:02 **** Incremental Build of configuration Debug for project Silla ****
make -r -j3 all 
make: Nothing to be done for `all'.
02:30:13 **** Incremental Build of configuration Debug for project Silla ****
make -r -j3 all 
Building file: ../source/main.c
Invoking: MCU C Compiler
arm-none-eabi-gcc -DCR_INTEGER_PRINTF -DSDK_DEBUGCONSOLE=0 -D__MCUXPRESSO -D__USE_CMSIS -DDEBUG -DSDK_OS_BAREMETAL -DFSL_RTOS_BM -DCPU_MK64FN1M0VLL12 -DCPU_MK64FN1M0VLL12_cm4 -D__REDLIB__ -I"/Sistemas_Embebidos/Proyecto_Final/Silla/source" -I"/Sistemas_Embebidos/Proyecto_Final/Silla" -I"/Sistemas_Embebidos/Proyecto_Final/Silla/CMSIS" -I/Users/Roberto/mcuxpresso/SDKPackages/SDK_2/CMSIS/Include -I/Users/Roberto/mcuxpresso/SDKPackages/SDK_2/CMSIS -I/Users/Roberto/mcuxpresso/SDKPackages/SDK_2/devices/MK64F12 -I/Users/Roberto/mcuxpresso/SDKPackages/SDK_2/devices -I"/Sistemas_Embebidos/Proyecto_Final/Silla/startup" -O0 -fno-common -g3 -Wall -c -fmessage-length=0 -fno-builtin -ffunction-sections -fdata-sections -mcpu=cortex-m4 -mfpu=fpv4-sp-d16 -mfloat-abi=hard -mthumb -D__REDLIB__ -specs=redlib.specs -MMD -MP -MF"source/main.d" -MT"source/main.o" -MT"source/main.d" -o "source/main.o" "../source/main.c"
Finished building: ../source/main.c
 
Building target: Silla.axf
Invoking: MCU Linker
arm-none-eabi-gcc -nostdlib -Xlinker -Map="Silla.map" -Xlinker --gc-sections -Xlinker -print-memory-usage -mcpu=cortex-m4 -mfpu=fpv4-sp-d16 -mfloat-abi=hard -mthumb -T Silla_Debug.ld -o "Silla.axf"  ./startup/startup_mk64f12.o  ./source/ACELEROMETRO.o ./source/ADC.o ./source/GPIO.o ./source/GlobalFunctions.o ./source/main.o  ./CMSIS/system_MK64F12.o   
Memory region         Used Size  Region Size  %age Used
   PROGRAM_FLASH:        8492 B         1 MB      0.81%
      SRAM_UPPER:        8392 B       192 KB      4.27%
      SRAM_LOWER:          0 GB        64 KB      0.00%
        FLEX_RAM:          0 GB         4 KB      0.00%
Finished building target: Silla.axf
 
make --no-print-directory post-build
Performing post-build steps
arm-none-eabi-size "Silla.axf"; # arm-none-eabi-objcopy -v -O binary "Silla.axf" "Silla.bin" ; # checksum -p MK64FN1M0xxx12 -d "Silla.bin";
   text	   data	    bss	    dec	    hex	filename
   8492	      0	   8392	  16884	   41f4	Silla.axf
 
02:30:20 **** Incremental Build of configuration Debug for project Silla ****
make -r -j3 all 
make: Nothing to be done for `all'.
02:30:21 **** Incremental Build of configuration Debug for project Silla ****
make -r -j3 all 
make: Nothing to be done for `all'.
02:40:21 **** Incremental Build of configuration Debug for project Silla ****
make -r -j3 all 
make: Nothing to be done for `all'.
02:40:24 **** Incremental Build of configuration Debug for project Silla ****
make -r -j3 all 
make: Nothing to be done for `all'.
19:57:01 **** Incremental Build of configuration Debug for project Silla ****
make -r -j3 all 
Building target: Silla.axf
Invoking: MCU Linker
arm-none-eabi-gcc -nostdlib -Xlinker -Map="Silla.map" -Xlinker --gc-sections -Xlinker -print-memory-usage -mcpu=cortex-m4 -mfpu=fpv4-sp-d16 -mfloat-abi=hard -mthumb -T Silla_Debug.ld -o "Silla.axf"  ./startup/startup_mk64f12.o  ./source/ACELEROMETRO.o ./source/ADC.o ./source/GPIO.o ./source/GlobalFunctions.o ./source/main.o  ./CMSIS/system_MK64F12.o   
Memory region         Used Size  Region Size  %age Used
   PROGRAM_FLASH:        8492 B         1 MB      0.81%
      SRAM_UPPER:        8392 B       192 KB      4.27%
      SRAM_LOWER:          0 GB        64 KB      0.00%
        FLEX_RAM:          0 GB         4 KB      0.00%
Finished building target: Silla.axf
 
make --no-print-directory post-build
Performing post-build steps
arm-none-eabi-size "Silla.axf"; # arm-none-eabi-objcopy -v -O binary "Silla.axf" "Silla.bin" ; # checksum -p MK64FN1M0xxx12 -d "Silla.bin";
   text	   data	    bss	    dec	    hex	filename
   8492	      0	   8392	  16884	   41f4	Silla.axf
 
19:57:05 **** Incremental Build of configuration Debug for project Silla ****
make -r -j3 all 
make: Nothing to be done for `all'.
20:01:26 **** Incremental Build of configuration Debug for project Silla ****
make -r -j3 all 
Building file: ../source/ACELEROMETRO.c
Invoking: MCU C Compiler
arm-none-eabi-gcc -DCR_INTEGER_PRINTF -DSDK_DEBUGCONSOLE=0 -D__MCUXPRESSO -D__USE_CMSIS -DDEBUG -DSDK_OS_BAREMETAL -DFSL_RTOS_BM -DCPU_MK64FN1M0VLL12 -DCPU_MK64FN1M0VLL12_cm4 -D__REDLIB__ -I"/Sistemas_Embebidos/Proyecto_Final/Silla/source" -I"/Sistemas_Embebidos/Proyecto_Final/Silla" -I"/Sistemas_Embebidos/Proyecto_Final/Silla/CMSIS" -I/Users/Roberto/mcuxpresso/SDKPackages/SDK_2/CMSIS/Include -I/Users/Roberto/mcuxpresso/SDKPackages/SDK_2/CMSIS -I/Users/Roberto/mcuxpresso/SDKPackages/SDK_2/devices/MK64F12 -I/Users/Roberto/mcuxpresso/SDKPackages/SDK_2/devices -I"/Sistemas_Embebidos/Proyecto_Final/Silla/startup" -O0 -fno-common -g3 -Wall -c -fmessage-length=0 -fno-builtin -ffunction-sections -fdata-sections -mcpu=cortex-m4 -mfpu=fpv4-sp-d16 -mfloat-abi=hard -mthumb -D__REDLIB__ -specs=redlib.specs -MMD -MP -MF"source/ACELEROMETRO.d" -MT"source/ACELEROMETRO.o" -MT"source/ACELEROMETRO.d" -o "source/ACELEROMETRO.o" "../source/ACELEROMETRO.c"
Finished building: ../source/ACELEROMETRO.c
 
Building target: Silla.axf
Invoking: MCU Linker
arm-none-eabi-gcc -nostdlib -Xlinker -Map="Silla.map" -Xlinker --gc-sections -Xlinker -print-memory-usage -mcpu=cortex-m4 -mfpu=fpv4-sp-d16 -mfloat-abi=hard -mthumb -T Silla_Debug.ld -o "Silla.axf"  ./startup/startup_mk64f12.o  ./source/ACELEROMETRO.o ./source/ADC.o ./source/GPIO.o ./source/GlobalFunctions.o ./source/main.o  ./CMSIS/system_MK64F12.o   
Memory region         Used Size  Region Size  %age Used
   PROGRAM_FLASH:        8492 B         1 MB      0.81%
      SRAM_UPPER:        8392 B       192 KB      4.27%
      SRAM_LOWER:          0 GB        64 KB      0.00%
        FLEX_RAM:          0 GB         4 KB      0.00%
Finished building target: Silla.axf
 
make --no-print-directory post-build
Performing post-build steps
arm-none-eabi-size "Silla.axf"; # arm-none-eabi-objcopy -v -O binary "Silla.axf" "Silla.bin" ; # checksum -p MK64FN1M0xxx12 -d "Silla.bin";
   text	   data	    bss	    dec	    hex	filename
   8492	      0	   8392	  16884	   41f4	Silla.axf
 
20:01:38 **** Incremental Build of configuration Debug for project Silla ****
make -r -j3 all 
make: Nothing to be done for `all'.
20:01:39 **** Incremental Build of configuration Debug for project Silla ****
make -r -j3 all 
make: Nothing to be done for `all'.
20:03:39 **** Incremental Build of configuration Debug for project Silla ****
make -r -j3 all 
Building file: ../source/ACELEROMETRO.c
Invoking: MCU C Compiler
arm-none-eabi-gcc -DCR_INTEGER_PRINTF -DSDK_DEBUGCONSOLE=0 -D__MCUXPRESSO -D__USE_CMSIS -DDEBUG -DSDK_OS_BAREMETAL -DFSL_RTOS_BM -DCPU_MK64FN1M0VLL12 -DCPU_MK64FN1M0VLL12_cm4 -D__REDLIB__ -I"/Sistemas_Embebidos/Proyecto_Final/Silla/source" -I"/Sistemas_Embebidos/Proyecto_Final/Silla" -I"/Sistemas_Embebidos/Proyecto_Final/Silla/CMSIS" -I/Users/Roberto/mcuxpresso/SDKPackages/SDK_2/CMSIS/Include -I/Users/Roberto/mcuxpresso/SDKPackages/SDK_2/CMSIS -I/Users/Roberto/mcuxpresso/SDKPackages/SDK_2/devices/MK64F12 -I/Users/Roberto/mcuxpresso/SDKPackages/SDK_2/devices -I"/Sistemas_Embebidos/Proyecto_Final/Silla/startup" -O0 -fno-common -g3 -Wall -c -fmessage-length=0 -fno-builtin -ffunction-sections -fdata-sections -mcpu=cortex-m4 -mfpu=fpv4-sp-d16 -mfloat-abi=hard -mthumb -D__REDLIB__ -specs=redlib.specs -MMD -MP -MF"source/ACELEROMETRO.d" -MT"source/ACELEROMETRO.o" -MT"source/ACELEROMETRO.d" -o "source/ACELEROMETRO.o" "../source/ACELEROMETRO.c"
Finished building: ../source/ACELEROMETRO.c
 
Building target: Silla.axf
Invoking: MCU Linker
arm-none-eabi-gcc -nostdlib -Xlinker -Map="Silla.map" -Xlinker --gc-sections -Xlinker -print-memory-usage -mcpu=cortex-m4 -mfpu=fpv4-sp-d16 -mfloat-abi=hard -mthumb -T Silla_Debug.ld -o "Silla.axf"  ./startup/startup_mk64f12.o  ./source/ACELEROMETRO.o ./source/ADC.o ./source/GPIO.o ./source/GlobalFunctions.o ./source/main.o  ./CMSIS/system_MK64F12.o   
Memory region         Used Size  Region Size  %age Used
   PROGRAM_FLASH:        8492 B         1 MB      0.81%
      SRAM_UPPER:        8392 B       192 KB      4.27%
      SRAM_LOWER:          0 GB        64 KB      0.00%
        FLEX_RAM:          0 GB         4 KB      0.00%
Finished building target: Silla.axf
 
make --no-print-directory post-build
Performing post-build steps
arm-none-eabi-size "Silla.axf"; # arm-none-eabi-objcopy -v -O binary "Silla.axf" "Silla.bin" ; # checksum -p MK64FN1M0xxx12 -d "Silla.bin";
   text	   data	    bss	    dec	    hex	filename
   8492	      0	   8392	  16884	   41f4	Silla.axf
 
20:03:43 **** Incremental Build of configuration Debug for project Silla ****
make -r -j3 all 
make: Nothing to be done for `all'.
20:03:44 **** Incremental Build of configuration Debug for project Silla ****
make -r -j3 all 
make: Nothing to be done for `all'.
20:05:35 **** Incremental Build of configuration Debug for project Silla ****
make -r -j3 all 
Building file: ../source/ACELEROMETRO.c
Invoking: MCU C Compiler
arm-none-eabi-gcc -DCR_INTEGER_PRINTF -DSDK_DEBUGCONSOLE=0 -D__MCUXPRESSO -D__USE_CMSIS -DDEBUG -DSDK_OS_BAREMETAL -DFSL_RTOS_BM -DCPU_MK64FN1M0VLL12 -DCPU_MK64FN1M0VLL12_cm4 -D__REDLIB__ -I"/Sistemas_Embebidos/Proyecto_Final/Silla/source" -I"/Sistemas_Embebidos/Proyecto_Final/Silla" -I"/Sistemas_Embebidos/Proyecto_Final/Silla/CMSIS" -I/Users/Roberto/mcuxpresso/SDKPackages/SDK_2/CMSIS/Include -I/Users/Roberto/mcuxpresso/SDKPackages/SDK_2/CMSIS -I/Users/Roberto/mcuxpresso/SDKPackages/SDK_2/devices/MK64F12 -I/Users/Roberto/mcuxpresso/SDKPackages/SDK_2/devices -I"/Sistemas_Embebidos/Proyecto_Final/Silla/startup" -O0 -fno-common -g3 -Wall -c -fmessage-length=0 -fno-builtin -ffunction-sections -fdata-sections -mcpu=cortex-m4 -mfpu=fpv4-sp-d16 -mfloat-abi=hard -mthumb -D__REDLIB__ -specs=redlib.specs -MMD -MP -MF"source/ACELEROMETRO.d" -MT"source/ACELEROMETRO.o" -MT"source/ACELEROMETRO.d" -o "source/ACELEROMETRO.o" "../source/ACELEROMETRO.c"
Finished building: ../source/ACELEROMETRO.c
 
Building target: Silla.axf
Invoking: MCU Linker
arm-none-eabi-gcc -nostdlib -Xlinker -Map="Silla.map" -Xlinker --gc-sections -Xlinker -print-memory-usage -mcpu=cortex-m4 -mfpu=fpv4-sp-d16 -mfloat-abi=hard -mthumb -T Silla_Debug.ld -o "Silla.axf"  ./startup/startup_mk64f12.o  ./source/ACELEROMETRO.o ./source/ADC.o ./source/GPIO.o ./source/GlobalFunctions.o ./source/main.o  ./CMSIS/system_MK64F12.o   
Memory region         Used Size  Region Size  %age Used
   PROGRAM_FLASH:        8492 B         1 MB      0.81%
      SRAM_UPPER:        8392 B       192 KB      4.27%
      SRAM_LOWER:          0 GB        64 KB      0.00%
        FLEX_RAM:          0 GB         4 KB      0.00%
Finished building target: Silla.axf
 
make --no-print-directory post-build
Performing post-build steps
arm-none-eabi-size "Silla.axf"; # arm-none-eabi-objcopy -v -O binary "Silla.axf" "Silla.bin" ; # checksum -p MK64FN1M0xxx12 -d "Silla.bin";
   text	   data	    bss	    dec	    hex	filename
   8492	      0	   8392	  16884	   41f4	Silla.axf
 
20:05:41 **** Incremental Build of configuration Debug for project Silla ****
make -r -j3 all 
make: Nothing to be done for `all'.
20:05:42 **** Incremental Build of configuration Debug for project Silla ****
make -r -j3 all 
make: Nothing to be done for `all'.
20:06:10 **** Incremental Build of configuration Debug for project Silla ****
make -r -j3 all 
Building file: ../source/ACELEROMETRO.c
Invoking: MCU C Compiler
arm-none-eabi-gcc -DCR_INTEGER_PRINTF -DSDK_DEBUGCONSOLE=0 -D__MCUXPRESSO -D__USE_CMSIS -DDEBUG -DSDK_OS_BAREMETAL -DFSL_RTOS_BM -DCPU_MK64FN1M0VLL12 -DCPU_MK64FN1M0VLL12_cm4 -D__REDLIB__ -I"/Sistemas_Embebidos/Proyecto_Final/Silla/source" -I"/Sistemas_Embebidos/Proyecto_Final/Silla" -I"/Sistemas_Embebidos/Proyecto_Final/Silla/CMSIS" -I/Users/Roberto/mcuxpresso/SDKPackages/SDK_2/CMSIS/Include -I/Users/Roberto/mcuxpresso/SDKPackages/SDK_2/CMSIS -I/Users/Roberto/mcuxpresso/SDKPackages/SDK_2/devices/MK64F12 -I/Users/Roberto/mcuxpresso/SDKPackages/SDK_2/devices -I"/Sistemas_Embebidos/Proyecto_Final/Silla/startup" -O0 -fno-common -g3 -Wall -c -fmessage-length=0 -fno-builtin -ffunction-sections -fdata-sections -mcpu=cortex-m4 -mfpu=fpv4-sp-d16 -mfloat-abi=hard -mthumb -D__REDLIB__ -specs=redlib.specs -MMD -MP -MF"source/ACELEROMETRO.d" -MT"source/ACELEROMETRO.o" -MT"source/ACELEROMETRO.d" -o "source/ACELEROMETRO.o" "../source/ACELEROMETRO.c"
Finished building: ../source/ACELEROMETRO.c
 
Building target: Silla.axf
Invoking: MCU Linker
arm-none-eabi-gcc -nostdlib -Xlinker -Map="Silla.map" -Xlinker --gc-sections -Xlinker -print-memory-usage -mcpu=cortex-m4 -mfpu=fpv4-sp-d16 -mfloat-abi=hard -mthumb -T Silla_Debug.ld -o "Silla.axf"  ./startup/startup_mk64f12.o  ./source/ACELEROMETRO.o ./source/ADC.o ./source/GPIO.o ./source/GlobalFunctions.o ./source/main.o  ./CMSIS/system_MK64F12.o   
Memory region         Used Size  Region Size  %age Used
   PROGRAM_FLASH:        8492 B         1 MB      0.81%
      SRAM_UPPER:        8392 B       192 KB      4.27%
      SRAM_LOWER:          0 GB        64 KB      0.00%
        FLEX_RAM:          0 GB         4 KB      0.00%
Finished building target: Silla.axf
 
make --no-print-directory post-build
Performing post-build steps
arm-none-eabi-size "Silla.axf"; # arm-none-eabi-objcopy -v -O binary "Silla.axf" "Silla.bin" ; # checksum -p MK64FN1M0xxx12 -d "Silla.bin";
   text	   data	    bss	    dec	    hex	filename
   8492	      0	   8392	  16884	   41f4	Silla.axf
 
20:06:16 **** Incremental Build of configuration Debug for project Silla ****
make -r -j3 all 
make: Nothing to be done for `all'.
20:06:17 **** Incremental Build of configuration Debug for project Silla ****
make -r -j3 all 
make: Nothing to be done for `all'.
23:56:17 **** Incremental Build of configuration Debug for project Silla ****
make -r -j3 all 
Building file: ../source/FlexTimer.c
Building file: ../source/main.c
Invoking: MCU C Compiler
Invoking: MCU C Compiler
arm-none-eabi-gcc -DCR_INTEGER_PRINTF -DSDK_DEBUGCONSOLE=0 -D__MCUXPRESSO -D__USE_CMSIS -DDEBUG -DSDK_OS_BAREMETAL -DFSL_RTOS_BM -DCPU_MK64FN1M0VLL12 -DCPU_MK64FN1M0VLL12_cm4 -D__REDLIB__ -I"/Sistemas_Embebidos/Proyecto_Final/Silla/source" -I"/Sistemas_Embebidos/Proyecto_Final/Silla" -I"/Sistemas_Embebidos/Proyecto_Final/Silla/CMSIS" -I/Users/Roberto/mcuxpresso/SDKPackages/SDK_2/CMSIS/Include -I/Users/Roberto/mcuxpresso/SDKPackages/SDK_2/CMSIS -I/Users/Roberto/mcuxpresso/SDKPackages/SDK_2/devices/MK64F12 -I/Users/Roberto/mcuxpresso/SDKPackages/SDK_2/devices -I"/Sistemas_Embebidos/Proyecto_Final/Silla/startup" -O0 -fno-common -g3 -Wall -c -fmessage-length=0 -fno-builtin -ffunction-sections -fdata-sections -mcpu=cortex-m4 -mfpu=fpv4-sp-d16 -mfloat-abi=hard -mthumb -D__REDLIB__ -specs=redlib.specs -MMD -MP -MF"source/main.d" -MT"source/main.o" -MT"source/main.d" -o "source/main.o" "../source/main.c"
[...]
         ^
../source/main.c:46:8: warning: unused variable 'counter' [-Wunused-variable]
  uint8 counter = 0;/*! Increases as the array saves values coming form accelerometer for later average*/
        ^
../source/main.c:45:8: warning: unused variable 'Y' [-Wunused-variable]
  uint8 Y;/*! Actual value of accelerometer*/
        ^
Finished building: ../source/ACELEROMETRO.c
 
Finished building: ../source/main.c
 
Building target: Silla.axf
Invoking: MCU Linker
arm-none-eabi-gcc -nostdlib -Xlinker -Map="Silla.map" -Xlinker --gc-sections -Xlinker -print-memory-usage -mcpu=cortex-m4 -mfpu=fpv4-sp-d16 -mfloat-abi=hard -mthumb -T Silla_Debug.ld -o "Silla.axf"  ./startup/startup_mk64f12.o  ./source/ACELEROMETRO.o ./source/ADC.o ./source/FlexTimer.o ./source/GPIO.o ./source/GlobalFunctions.o ./source/PID.o ./source/PWM.o ./source/main.o  ./CMSIS/system_MK64F12.o   
Memory region         Used Size  Region Size  %age Used
   PROGRAM_FLASH:       11080 B         1 MB      1.06%
      SRAM_UPPER:        8408 B       192 KB      4.28%
      SRAM_LOWER:          0 GB        64 KB      0.00%
        FLEX_RAM:          0 GB         4 KB      0.00%
Finished building target: Silla.axf
 
make --no-print-directory post-build
Performing post-build steps
arm-none-eabi-size "Silla.axf"; # arm-none-eabi-objcopy -v -O binary "Silla.axf" "Silla.bin" ; # checksum -p MK64FN1M0xxx12 -d "Silla.bin";
   text	   data	    bss	    dec	    hex	filename
  11076	      4	   8404	  19484	   4c1c	Silla.axf
 
18:38:18 **** Incremental Build of configuration Debug for project Silla ****
make -r -j3 all 
Building file: ../source/ACELEROMETRO.c
Invoking: MCU C Compiler
arm-none-eabi-gcc -DCR_INTEGER_PRINTF -DSDK_DEBUGCONSOLE=0 -D__MCUXPRESSO -D__USE_CMSIS -DDEBUG -DSDK_OS_BAREMETAL -DFSL_RTOS_BM -DCPU_MK64FN1M0VLL12 -DCPU_MK64FN1M0VLL12_cm4 -D__REDLIB__ -I"/Sistemas_Embebidos/Proyecto_Final/Silla/source" -I"/Sistemas_Embebidos/Proyecto_Final/Silla" -I"/Sistemas_Embebidos/Proyecto_Final/Silla/CMSIS" -I/Users/Roberto/mcuxpresso/SDKPackages/SDK_2/CMSIS/Include -I/Users/Roberto/mcuxpresso/SDKPackages/SDK_2/CMSIS -I/Users/Roberto/mcuxpresso/SDKPackages/SDK_2/devices/MK64F12 -I/Users/Roberto/mcuxpresso/SDKPackages/SDK_2/devices -I"/Sistemas_Embebidos/Proyecto_Final/Silla/startup" -O0 -fno-common -g3 -Wall -c -fmessage-length=0 -fno-builtin -ffunction-sections -fdata-sections -mcpu=cortex-m4 -mfpu=fpv4-sp-d16 -mfloat-abi=hard -mthumb -D__REDLIB__ -specs=redlib.specs -MMD -MP -MF"source/ACELEROMETRO.d" -MT"source/ACELEROMETRO.o" -MT"source/ACELEROMETRO.d" -o "source/ACELEROMETRO.o" "../source/ACELEROMETRO.c"
../source/ACELEROMETRO.c: In function 'getState':
../source/ACELEROMETRO.c:39:1: warning: control reaches end of non-void function [-Wreturn-type]
 }
 ^
Finished building: ../source/ACELEROMETRO.c
 
Building target: Silla.axf
Invoking: MCU Linker
arm-none-eabi-gcc -nostdlib -Xlinker -Map="Silla.map" -Xlinker --gc-sections -Xlinker -print-memory-usage -mcpu=cortex-m4 -mfpu=fpv4-sp-d16 -mfloat-abi=hard -mthumb -T Silla_Debug.ld -o "Silla.axf"  ./startup/startup_mk64f12.o  ./source/ACELEROMETRO.o ./source/ADC.o ./source/FlexTimer.o ./source/GPIO.o ./source/GlobalFunctions.o ./source/PID.o ./source/PWM.o ./source/main.o  ./CMSIS/system_MK64F12.o   
Memory region         Used Size  Region Size  %age Used
   PROGRAM_FLASH:       11080 B         1 MB      1.06%
      SRAM_UPPER:        8408 B       192 KB      4.28%
      SRAM_LOWER:          0 GB        64 KB      0.00%
        FLEX_RAM:          0 GB         4 KB      0.00%
Finished building target: Silla.axf
 
make --no-print-directory post-build
Performing post-build steps
arm-none-eabi-size "Silla.axf"; # arm-none-eabi-objcopy -v -O binary "Silla.axf" "Silla.bin" ; # checksum -p MK64FN1M0xxx12 -d "Silla.bin";
   text	   data	    bss	    dec	    hex	filename
  11076	      4	   8404	  19484	   4c1c	Silla.axf
 
18:39:38 **** Incremental Build of configuration Debug for project Silla ****
make -r -j3 all 
Building file: ../source/ADC.c
Building file: ../source/ACELEROMETRO.c
Building file: ../source/PID.c
Invoking: MCU C Compiler
Invoking: MCU C Compiler
arm-none-eabi-gcc -DCR_INTEGER_PRINTF -DSDK_DEBUGCONSOLE=0 -D__MCUXPRESSO -D__USE_CMSIS -DDEBUG -DSDK_OS_BAREMETAL -DFSL_RTOS_BM -DCPU_MK64FN1M0VLL12 -DCPU_MK64FN1M0VLL12_cm4 -D__REDLIB__ -I"/Sistemas_Embebidos/Proyecto_Final/Silla/source" -I"/Sistemas_Embebidos/Proyecto_Final/Silla" -I"/Sistemas_Embebidos/Proyecto_Final/Silla/CMSIS" -I/Users/Roberto/mcuxpresso/SDKPackages/SDK_2/CMSIS/Include -I/Users/Roberto/mcuxpresso/SDKPackages/SDK_2/CMSIS -I/Users/Roberto/mcuxpresso/SDKPackages/SDK_2/devices/MK64F12 -I/Users/Roberto/mcuxpresso/SDKPackages/SDK_2/devices -I"/Sistemas_Embebidos/Proyecto_Final/Silla/startup" -O0 -fno-common -g3 -Wall -c -fmessage-length=0 -fno-builtin -ffunction-sections -fdata-sections -mcpu=cortex-m4 -mfpu=fpv4-sp-d16 -mfloat-abi=hard -mthumb -D__REDLIB__ -specs=redlib.specs -MMD -MP -MF"source/ADC.d" -MT"source/ADC.o" -MT"source/ADC.d" -o "source/ADC.o" "../source/ADC.c"
Invoking: MCU C Compiler
arm-none-eabi-gcc -DCR_INTEGER_PRINTF -DSDK_DEBUGCONSOLE=0 -D__MCUXPRESSO -D__USE_CMSIS -DDEBUG -DSDK_OS_BAREMETAL -DFSL_RTOS_BM -DCPU_MK64FN1M0VLL12 -DCPU_MK64FN1M0VLL12_cm4 -D__REDLIB__ -I"/Sistemas_Embebidos/Proyecto_Final/Silla/source" -I"/Sistemas_Embebidos/Proyecto_Final/Silla" -I"/Sistemas_Embebidos/Proyecto_Final/Silla/CMSIS" -I/Users/Roberto/mcuxpresso/SDKPackages/SDK_2/CMSIS/Include -I/Users/Roberto/mcuxpresso/SDKPackages/SDK_2/CMSIS -I/Users/Roberto/mcuxpresso/SDKPackages/SDK_2/devices/MK64F12 -I/Users/Roberto/mcuxpresso/SDKPackages/SDK_2/devices -I"/Sistemas_Embebidos/Proyecto_Final/Silla/startup" -O0 -fno-common -g3 -Wall -c -fmessage-length=0 -fno-builtin -ffunction-sections -fdata-sections -mcpu=cortex-m4 -mfpu=fpv4-sp-d16 -mfloat-abi=hard -mthumb -D__REDLIB__ -specs=redlib.specs -MMD -MP -MF"source/PID.d" -MT"source/PID.o" -MT"source/PID.d" -o "source/PID.o" "../source/PID.c"
arm-none-eabi-gcc -DCR_INTEGER_PRINTF -DSDK_DEBUGCONSOLE=0 -D__MCUXPRESSO -D__USE_CMSIS -DDEBUG -DSDK_OS_BAREMETAL -DFSL_RTOS_BM -DCPU_MK64FN1M0VLL12 -DCPU_MK64FN1M0VLL12_cm4 -D__REDLIB__ -I"/Sistemas_Embebidos/Proyecto_Final/Silla/source" -I"/Sistemas_Embebidos/Proyecto_Final/Silla" -I"/Sistemas_Embebidos/Proyecto_Final/Silla/CMSIS" -I/Users/Roberto/mcuxpresso/SDKPackages/SDK_2/CMSIS/Include -I/Users/Roberto/mcuxpresso/SDKPackages/SDK_2/CMSIS -I/Users/Roberto/mcuxpresso/SDKPackages/SDK_2/devices/MK64F12 -I/Users/Roberto/mcuxpresso/SDKPackages/SDK_2/devices -I"/Sistemas_Embebidos/Proyecto_Final/Silla/startup" -O0 -fno-common -g3 -Wall -c -fmessage-length=0 -fno-builtin -ffunction-sections -fdata-sections -mcpu=cortex-m4 -mfpu=fpv4-sp-d16 -mfloat-abi=hard -mthumb -D__REDLIB__ -specs=redlib.specs -MMD -MP -MF"source/ACELEROMETRO.d" -MT"source/ACELEROMETRO.o" -MT"source/ACELEROMETRO.d" -o "source/ACELEROMETRO.o" "../source/ACELEROMETRO.c"
../source/ADC.c: In function 'ADC_read':
../source/ADC.c:161:1: warning: control reaches end of non-void function [-Wreturn-type]
 }
 ^
Finished building: ../source/ACELEROMETRO.c
Finished building: ../source/PID.c
Finished building: ../source/ADC.c
 
 
 
Building file: ../source/main.c
Invoking: MCU C Compiler
arm-none-eabi-gcc -DCR_INTEGER_PRINTF -DSDK_DEBUGCONSOLE=0 -D__MCUXPRESSO -D__USE_CMSIS -DDEBUG -DSDK_OS_BAREMETAL -DFSL_RTOS_BM -DCPU_MK64FN1M0VLL12 -DCPU_MK64FN1M0VLL12_cm4 -D__REDLIB__ -I"/Sistemas_Embebidos/Proyecto_Final/Silla/source" -I"/Sistemas_Embebidos/Proyecto_Final/Silla" -I"/Sistemas_Embebidos/Proyecto_Final/Silla/CMSIS" -I/Users/Roberto/mcuxpresso/SDKPackages/SDK_2/CMSIS/Include -I/Users/Roberto/mcuxpresso/SDKPackages/SDK_2/CMSIS -I/Users/Roberto/mcuxpresso/SDKPackages/SDK_2/devices/MK64F12 -I/Users/Roberto/mcuxpresso/SDKPackages/SDK_2/devices -I"/Sistemas_Embebidos/Proyecto_Final/Silla/startup" -O0 -fno-common -g3 -Wall -c -fmessage-length=0 -fno-builtin -ffunction-sections -fdata-sections -mcpu=cortex-m4 -mfpu=fpv4-sp-d16 -mfloat-abi=hard -mthumb -D__REDLIB__ -specs=redlib.specs -MMD -MP -MF"source/main.d" -MT"source/main.o" -MT"source/main.d" -o "source/main.o" "../source/main.c"
../source/main.c: In function 'main':
../source/main.c:48:8: warning: unused variable 'arreglo' [-Wunused-variable]
  uint8 arreglo[20]; /*! Array to save 20 values coming from the accelerometer for later average*/
        ^
../source/main.c:47:9: warning: unused variable 'value' [-Wunused-variable]
  uint16 value = 0; /*! Saves the addition of the array members*/
         ^
../source/main.c:46:8: warning: unused variable 'counter' [-Wunused-variable]
  uint8 counter = 0;/*! Increases as the array saves values coming form accelerometer for later average*/
        ^
../source/main.c:45:8: warning: unused variable 'Y' [-Wunused-variable]
  uint8 Y;/*! Actual value of accelerometer*/
        ^
Finished building: ../source/main.c
 
Building target: Silla.axf
Invoking: MCU Linker
arm-none-eabi-gcc -nostdlib -Xlinker -Map="Silla.map" -Xlinker --gc-sections -Xlinker -print-memory-usage -mcpu=cortex-m4 -mfpu=fpv4-sp-d16 -mfloat-abi=hard -mthumb -T Silla_Debug.ld -o "Silla.axf"  ./startup/startup_mk64f12.o  ./source/ACELEROMETRO.o ./source/ADC.o ./source/FlexTimer.o ./source/GPIO.o ./source/GlobalFunctions.o ./source/PID.o ./source/PWM.o ./source/main.o  ./CMSIS/system_MK64F12.o   
Memory region         Used Size  Region Size  %age Used
   PROGRAM_FLASH:       11080 B         1 MB      1.06%
      SRAM_UPPER:        8408 B       192 KB      4.28%
      SRAM_LOWER:          0 GB        64 KB      0.00%
        FLEX_RAM:          0 GB         4 KB      0.00%
Finished building target: Silla.axf
 
make --no-print-directory post-build
Performing post-build steps
arm-none-eabi-size "Silla.axf"; # arm-none-eabi-objcopy -v -O binary "Silla.axf" "Silla.bin" ; # checksum -p MK64FN1M0xxx12 -d "Silla.bin";
   text	   data	    bss	    dec	    hex	filename
  11076	      4	   8404	  19484	   4c1c	Silla.axf
 
18:41:49 **** Incremental Build of configuration Debug for project Silla ****
make -r -j3 all 
Building file: ../source/ACELEROMETRO.c
Building file: ../source/ADC.c
Building file: ../source/PID.c
Invoking: MCU C Compiler
arm-none-eabi-gcc -DCR_INTEGER_PRINTF -DSDK_DEBUGCONSOLE=0 -D__MCUXPRESSO -D__USE_CMSIS -DDEBUG -DSDK_OS_BAREMETAL -DFSL_RTOS_BM -DCPU_MK64FN1M0VLL12 -DCPU_MK64FN1M0VLL12_cm4 -D__REDLIB__ -I"/Sistemas_Embebidos/Proyecto_Final/Silla/source" -I"/Sistemas_Embebidos/Proyecto_Final/Silla" -I"/Sistemas_Embebidos/Proyecto_Final/Silla/CMSIS" -I/Users/Roberto/mcuxpresso/SDKPackages/SDK_2/CMSIS/Include -I/Users/Roberto/mcuxpresso/SDKPackages/SDK_2/CMSIS -I/Users/Roberto/mcuxpresso/SDKPackages/SDK_2/devices/MK64F12 -I/Users/Roberto/mcuxpresso/SDKPackages/SDK_2/devices -I"/Sistemas_Embebidos/Proyecto_Final/Silla/startup" -O0 -fno-common -g3 -Wall -c -fmessage-length=0 -fno-builtin -ffunction-sections -fdata-sections -mcpu=cortex-m4 -mfpu=fpv4-sp-d16 -mfloat-abi=hard -mthumb -D__REDLIB__ -specs=redlib.specs -MMD -MP -MF"source/ADC.d" -MT"source/ADC.o" -MT"source/ADC.d" -o "source/ADC.o" "../source/ADC.c"
Invoking: MCU C Compiler
arm-none-eabi-gcc -DCR_INTEGER_PRINTF -DSDK_DEBUGCONSOLE=0 -D__MCUXPRESSO -D__USE_CMSIS -DDEBUG -DSDK_OS_BAREMETAL -DFSL_RTOS_BM -DCPU_MK64FN1M0VLL12 -DCPU_MK64FN1M0VLL12_cm4 -D__REDLIB__ -I"/Sistemas_Embebidos/Proyecto_Final/Silla/source" -I"/Sistemas_Embebidos/Proyecto_Final/Silla" -I"/Sistemas_Embebidos/Proyecto_Final/Silla/CMSIS" -I/Users/Roberto/mcuxpresso/SDKPackages/SDK_2/CMSIS/Include -I/Users/Roberto/mcuxpresso/SDKPackages/SDK_2/CMSIS -I/Users/Roberto/mcuxpresso/SDKPackages/SDK_2/devices/MK64F12 -I/Users/Roberto/mcuxpresso/SDKPackages/SDK_2/devices -I"/Sistemas_Embebidos/Proyecto_Final/Silla/startup" -O0 -fno-common -g3 -Wall -c -fmessage-length=0 -fno-builtin -ffunction-sections -fdata-sections -mcpu=cortex-m4 -mfpu=fpv4-sp-d16 -mfloat-abi=hard -mthumb -D__REDLIB__ -specs=redlib.specs -MMD -MP -MF"source/ACELEROMETRO.d" -MT"source/ACELEROMETRO.o" -MT"source/ACELEROMETRO.d" -o "source/ACELEROMETRO.o" "../source/ACELEROMETRO.c"
Invoking: MCU C Compiler
arm-none-eabi-gcc -DCR_INTEGER_PRINTF -DSDK_DEBUGCONSOLE=0 -D__MCUXPRESSO -D__USE_CMSIS -DDEBUG -DSDK_OS_BAREMETAL -DFSL_RTOS_BM -DCPU_MK64FN1M0VLL12 -DCPU_MK64FN1M0VLL12_cm4 -D__REDLIB__ -I"/Sistemas_Embebidos/Proyecto_Final/Silla/source" -I"/Sistemas_Embebidos/Proyecto_Final/Silla" -I"/Sistemas_Embebidos/Proyecto_Final/Silla/CMSIS" -I/Users/Roberto/mcuxpresso/SDKPackages/SDK_2/CMSIS/Include -I/Users/Roberto/mcuxpresso/SDKPackages/SDK_2/CMSIS -I/Users/Roberto/mcuxpresso/SDKPackages/SDK_2/devices/MK64F12 -I/Users/Roberto/mcuxpresso/SDKPackages/SDK_2/devices -I"/Sistemas_Embebidos/Proyecto_Final/Silla/startup" -O0 -fno-common -g3 -Wall -c -fmessage-length=0 -fno-builtin -ffunction-sections -fdata-sections -mcpu=cortex-m4 -mfpu=fpv4-sp-d16 -mfloat-abi=hard -mthumb -D__REDLIB__ -specs=redlib.specs -MMD -MP -MF"source/PID.d" -MT"source/PID.o" -MT"source/PID.d" -o "source/PID.o" "../source/PID.c"
../source/ADC.c: In function 'ADC_read':
../source/ADC.c:161:1: warning: control reaches end of non-void function [-Wreturn-type]
 }
 ^
Finished building: ../source/ADC.c
 
Finished building: ../source/PID.c
Building file: ../source/main.c
 
Finished building: ../source/ACELEROMETRO.c
 
Invoking: MCU C Compiler
arm-none-eabi-gcc -DCR_INTEGER_PRINTF -DSDK_DEBUGCONSOLE=0 -D__MCUXPRESSO -D__USE_CMSIS -DDEBUG -DSDK_OS_BAREMETAL -DFSL_RTOS_BM -DCPU_MK64FN1M0VLL12 -DCPU_MK64FN1M0VLL12_cm4 -D__REDLIB__ -I"/Sistemas_Embebidos/Proyecto_Final/Silla/source" -I"/Sistemas_Embebidos/Proyecto_Final/Silla" -I"/Sistemas_Embebidos/Proyecto_Final/Silla/CMSIS" -I/Users/Roberto/mcuxpresso/SDKPackages/SDK_2/CMSIS/Include -I/Users/Roberto/mcuxpresso/SDKPackages/SDK_2/CMSIS -I/Users/Roberto/mcuxpresso/SDKPackages/SDK_2/devices/MK64F12 -I/Users/Roberto/mcuxpresso/SDKPackages/SDK_2/devices -I"/Sistemas_Embebidos/Proyecto_Final/Silla/startup" -O0 -fno-common -g3 -Wall -c -fmessage-length=0 -fno-builtin -ffunction-sections -fdata-sections -mcpu=cortex-m4 -mfpu=fpv4-sp-d16 -mfloat-abi=hard -mthumb -D__REDLIB__ -specs=redlib.specs -MMD -MP -MF"source/main.d" -MT"source/main.o" -MT"source/main.d" -o "source/main.o" "../source/main.c"
Finished building: ../source/main.c
 
Building target: Silla.axf
Invoking: MCU Linker
arm-none-eabi-gcc -nostdlib -Xlinker -Map="Silla.map" -Xlinker --gc-sections -Xlinker -print-memory-usage -mcpu=cortex-m4 -mfpu=fpv4-sp-d16 -mfloat-abi=hard -mthumb -T Silla_Debug.ld -o "Silla.axf"  ./startup/startup_mk64f12.o  ./source/ACELEROMETRO.o ./source/ADC.o ./source/FlexTimer.o ./source/GPIO.o ./source/GlobalFunctions.o ./source/PID.o ./source/PWM.o ./source/main.o  ./CMSIS/system_MK64F12.o   
Memory region         Used Size  Region Size  %age Used
   PROGRAM_FLASH:       11072 B         1 MB      1.06%
      SRAM_UPPER:        8408 B       192 KB      4.28%
      SRAM_LOWER:          0 GB        64 KB      0.00%
        FLEX_RAM:          0 GB         4 KB      0.00%
Finished building target: Silla.axf
 
make --no-print-directory post-build
Performing post-build steps
arm-none-eabi-size "Silla.axf"; # arm-none-eabi-objcopy -v -O binary "Silla.axf" "Silla.bin" ; # checksum -p MK64FN1M0xxx12 -d "Silla.bin";
   text	   data	    bss	    dec	    hex	filename
  11068	      4	   8404	  19476	   4c14	Silla.axf
 
18:46:27 **** Incremental Build of configuration Debug for project Silla ****
make -r -j3 all 
Building file: ../source/main.c
Invoking: MCU C Compiler
arm-none-eabi-gcc -DCR_INTEGER_PRINTF -DSDK_DEBUGCONSOLE=0 -D__MCUXPRESSO -D__USE_CMSIS -DDEBUG -DSDK_OS_BAREMETAL -DFSL_RTOS_BM -DCPU_MK64FN1M0VLL12 -DCPU_MK64FN1M0VLL12_cm4 -D__REDLIB__ -I"/Sistemas_Embebidos/Proyecto_Final/Silla/source" -I"/Sistemas_Embebidos/Proyecto_Final/Silla" -I"/Sistemas_Embebidos/Proyecto_Final/Silla/CMSIS" -I/Users/Roberto/mcuxpresso/SDKPackages/SDK_2/CMSIS/Include -I/Users/Roberto/mcuxpresso/SDKPackages/SDK_2/CMSIS -I/Users/Roberto/mcuxpresso/SDKPackages/SDK_2/devices/MK64F12 -I/Users/Roberto/mcuxpresso/SDKPackages/SDK_2/devices -I"/Sistemas_Embebidos/Proyecto_Final/Silla/startup" -O0 -fno-common -g3 -Wall -c -fmessage-length=0 -fno-builtin -ffunction-sections -fdata-sections -mcpu=cortex-m4 -mfpu=fpv4-sp-d16 -mfloat-abi=hard -mthumb -D__REDLIB__ -specs=redlib.specs -MMD -MP -MF"source/main.d" -MT"source/main.o" -MT"source/main.d" -o "source/main.o" "../source/main.c"
Finished building: ../source/main.c
 
Building target: Silla.axf
Invoking: MCU Linker
arm-none-eabi-gcc -nostdlib -Xlinker -Map="Silla.map" -Xlinker --gc-sections -Xlinker -print-memory-usage -mcpu=cortex-m4 -mfpu=fpv4-sp-d16 -mfloat-abi=hard -mthumb -T Silla_Debug.ld -o "Silla.axf"  ./startup/startup_mk64f12.o  ./source/ACELEROMETRO.o ./source/ADC.o ./source/FlexTimer.o ./source/GPIO.o ./source/GlobalFunctions.o ./source/PID.o ./source/PWM.o ./source/main.o  ./CMSIS/system_MK64F12.o   
Memory region         Used Size  Region Size  %age Used
   PROGRAM_FLASH:       11092 B         1 MB      1.06%
      SRAM_UPPER:        8408 B       192 KB      4.28%
      SRAM_LOWER:          0 GB        64 KB      0.00%
        FLEX_RAM:          0 GB         4 KB      0.00%
Finished building target: Silla.axf
 
make --no-print-directory post-build
Performing post-build steps
arm-none-eabi-size "Silla.axf"; # arm-none-eabi-objcopy -v -O binary "Silla.axf" "Silla.bin" ; # checksum -p MK64FN1M0xxx12 -d "Silla.bin";
   text	   data	    bss	    dec	    hex	filename
  11088	      4	   8404	  19496	   4c28	Silla.axf
 
18:46:48 **** Incremental Build of configuration Debug for project Silla ****
make -r -j3 all 
Building file: ../source/main.c
Invoking: MCU C Compiler
arm-none-eabi-gcc -DCR_INTEGER_PRINTF -DSDK_DEBUGCONSOLE=0 -D__MCUXPRESSO -D__USE_CMSIS -DDEBUG -DSDK_OS_BAREMETAL -DFSL_RTOS_BM -DCPU_MK64FN1M0VLL12 -DCPU_MK64FN1M0VLL12_cm4 -D__REDLIB__ -I"/Sistemas_Embebidos/Proyecto_Final/Silla/source" -I"/Sistemas_Embebidos/Proyecto_Final/Silla" -I"/Sistemas_Embebidos/Proyecto_Final/Silla/CMSIS" -I/Users/Roberto/mcuxpresso/SDKPackages/SDK_2/CMSIS/Include -I/Users/Roberto/mcuxpresso/SDKPackages/SDK_2/CMSIS -I/Users/Roberto/mcuxpresso/SDKPackages/SDK_2/devices/MK64F12 -I/Users/Roberto/mcuxpresso/SDKPackages/SDK_2/devices -I"/Sistemas_Embebidos/Proyecto_Final/Silla/startup" -O0 -fno-common -g3 -Wall -c -fmessage-length=0 -fno-builtin -ffunction-sections -fdata-sections -mcpu=cortex-m4 -mfpu=fpv4-sp-d16 -mfloat-abi=hard -mthumb -D__REDLIB__ -specs=redlib.specs -MMD -MP -MF"source/main.d" -MT"source/main.o" -MT"source/main.d" -o "source/main.o" "../source/main.c"
Finished building: ../source/main.c
 
Building target: Silla.axf
Invoking: MCU Linker
arm-none-eabi-gcc -nostdlib -Xlinker -Map="Silla.map" -Xlinker --gc-sections -Xlinker -print-memory-usage -mcpu=cortex-m4 -mfpu=fpv4-sp-d16 -mfloat-abi=hard -mthumb -T Silla_Debug.ld -o "Silla.axf"  ./startup/startup_mk64f12.o  ./source/ACELEROMETRO.o ./source/ADC.o ./source/FlexTimer.o ./source/GPIO.o ./source/GlobalFunctions.o ./source/PID.o ./source/PWM.o ./source/main.o  ./CMSIS/system_MK64F12.o   
Memory region         Used Size  Region Size  %age Used
   PROGRAM_FLASH:       11156 B         1 MB      1.06%
      SRAM_UPPER:        8408 B       192 KB      4.28%
      SRAM_LOWER:          0 GB        64 KB      0.00%
        FLEX_RAM:          0 GB         4 KB      0.00%
Finished building target: Silla.axf
 
make --no-print-directory post-build
Performing post-build steps
arm-none-eabi-size "Silla.axf"; # arm-none-eabi-objcopy -v -O binary "Silla.axf" "Silla.bin" ; # checksum -p MK64FN1M0xxx12 -d "Silla.bin";
   text	   data	    bss	    dec	    hex	filename
  11152	      4	   8404	  19560	   4c68	Silla.axf
 
18:47:00 **** Incremental Build of configuration Debug for project Silla ****
make -r -j3 all 
make: Nothing to be done for `all'.
18:47:01 **** Incremental Build of configuration Debug for project Silla ****
make -r -j3 all 
make: Nothing to be done for `all'.
